Archive member included to satisfy reference by file (symbol)

app/libapp.a(main.c.obj)      (--whole-archive)
zephyr/libzephyr.a(crc32_sw.c.obj)
                              (--whole-archive)
zephyr/libzephyr.a(crc16_sw.c.obj)
                              (--whole-archive)
zephyr/libzephyr.a(crc8_sw.c.obj)
                              (--whole-archive)
zephyr/libzephyr.a(crc7_sw.c.obj)
                              (--whole-archive)
zephyr/libzephyr.a(dec.c.obj)
                              (--whole-archive)
zephyr/libzephyr.a(fdtable.c.obj)
                              (--whole-archive)
zephyr/libzephyr.a(hex.c.obj)
                              (--whole-archive)
zephyr/libzephyr.a(mempool.c.obj)
                              (--whole-archive)
zephyr/libzephyr.a(notify.c.obj)
                              (--whole-archive)
zephyr/libzephyr.a(printk.c.obj)
                              (--whole-archive)
zephyr/libzephyr.a(onoff.c.obj)
                              (--whole-archive)
zephyr/libzephyr.a(rb.c.obj)  (--whole-archive)
zephyr/libzephyr.a(sem.c.obj)
                              (--whole-archive)
zephyr/libzephyr.a(thread_entry.c.obj)
                              (--whole-archive)
zephyr/libzephyr.a(timeutil.c.obj)
                              (--whole-archive)
zephyr/libzephyr.a(work_q.c.obj)
                              (--whole-archive)
zephyr/libzephyr.a(heap.c.obj)
                              (--whole-archive)
zephyr/libzephyr.a(heap-validate.c.obj)
                              (--whole-archive)
zephyr/libzephyr.a(prf.c.obj)
                              (--whole-archive)
zephyr/libzephyr.a(assert.c.obj)
                              (--whole-archive)
zephyr/libzephyr.a(configs.c.obj)
                              (--whole-archive)
zephyr/libzephyr.a(validate_base_addresses.c.obj)
                              (--whole-archive)
zephyr/libzephyr.a(validate_enabled_instances.c.obj)
                              (--whole-archive)
zephyr/libzephyr.a(log_minimal.c.obj)
                              (--whole-archive)
zephyr/libzephyr.a(power.c.obj)
                              (--whole-archive)
zephyr/libzephyr.a(policy_residency.c.obj)
                              (--whole-archive)
zephyr/libzephyr.a(uart_console.c.obj)
                              (--whole-archive)
zephyr/libzephyr.a(clock_control_nrf.c.obj)
                              (--whole-archive)
zephyr/libzephyr.a(wdt_nrfx.c.obj)
                              (--whole-archive)
zephyr/libzephyr.a(sys_clock_init.c.obj)
                              (--whole-archive)
zephyr/libzephyr.a(nrf_rtc_timer.c.obj)
                              (--whole-archive)
zephyr/libzephyr.a(SEGGER_RTT.c.obj)
                              (--whole-archive)
zephyr/libzephyr.a(SEGGER_RTT_zephyr.c.obj)
                              (--whole-archive)
zephyr/arch/common/libarch__common.a(sw_isr_common.c.obj)
                              (--whole-archive)
zephyr/arch/arch/arm/core/aarch32/libarch__arm__core__aarch32.a(swap.c.obj)
                              (--whole-archive)
zephyr/arch/arch/arm/core/aarch32/libarch__arm__core__aarch32.a(irq_manage.c.obj)
                              (--whole-archive)
zephyr/arch/arch/arm/core/aarch32/libarch__arm__core__aarch32.a(thread.c.obj)
                              (--whole-archive)
zephyr/arch/arch/arm/core/aarch32/libarch__arm__core__aarch32.a(fatal.c.obj)
                              (--whole-archive)
zephyr/arch/arch/arm/core/aarch32/libarch__arm__core__aarch32.a(nmi.c.obj)
                              (--whole-archive)
zephyr/arch/arch/arm/core/aarch32/libarch__arm__core__aarch32.a(prep_c.c.obj)
                              (--whole-archive)
zephyr/arch/arch/arm/core/aarch32/libarch__arm__core__aarch32.a(swap_helper.S.obj)
                              (--whole-archive)
zephyr/arch/arch/arm/core/aarch32/libarch__arm__core__aarch32.a(cpu_idle.S.obj)
                              (--whole-archive)
zephyr/arch/arch/arm/core/aarch32/libarch__arm__core__aarch32.a(nmi_on_reset.S.obj)
                              (--whole-archive)
zephyr/arch/arch/arm/core/aarch32/libarch__arm__core__aarch32.a(isr_wrapper.S.obj)
                              (--whole-archive)
zephyr/arch/arch/arm/core/aarch32/cortex_m/libarch__arm__core__aarch32__cortex_m.a(vector_table.S.obj)
                              (--whole-archive)
zephyr/arch/arch/arm/core/aarch32/cortex_m/libarch__arm__core__aarch32__cortex_m.a(reset.S.obj)
                              (--whole-archive)
zephyr/arch/arch/arm/core/aarch32/cortex_m/libarch__arm__core__aarch32__cortex_m.a(fault_s.S.obj)
                              (--whole-archive)
zephyr/arch/arch/arm/core/aarch32/cortex_m/libarch__arm__core__aarch32__cortex_m.a(exc_exit.S.obj)
                              (--whole-archive)
zephyr/arch/arch/arm/core/aarch32/cortex_m/libarch__arm__core__aarch32__cortex_m.a(fault.c.obj)
                              (--whole-archive)
[...]
Memory Configuration

Name             Origin             Length             Attributes
FLASH            0x00000000         0x00080000         xr
SRAM             0x20000000         0x00010000         xw
IDT_LIST         0x20010000         0x00000800         xw
*default*        0x00000000         0xffffffff

Linker script and memory map

LOAD zephyr/CMakeFiles/zephyr_final.dir/misc/empty_file.c.obj
LOAD zephyr/CMakeFiles/zephyr_final.dir/isr_tables.c.obj
                0x00000020                _region_min_align = 0x20

.rel.plt        0x00000000        0x0
 *(SORT_BY_ALIGNMENT(.rel.plt))
                [!provide]                PROVIDE (__rel_iplt_start = .)
 *(SORT_BY_ALIGNMENT(.rel.iplt))
 .rel.iplt      0x00000000        0x0 zephyr/CMakeFiles/zephyr_final.dir/isr_tables.c.obj
                [!provide]                PROVIDE (__rel_iplt_end = .)

.rela.plt       0x00000000        0x0
 *(SORT_BY_ALIGNMENT(.rela.plt))
                [!provide]                PROVIDE (__rela_iplt_start = .)
 *(SORT_BY_ALIGNMENT(.rela.iplt))
                [!provide]                PROVIDE (__rela_iplt_end = .)

.rel.dyn
 *(SORT_BY_ALIGNMENT(.rel.*))

.rela.dyn
 *(SORT_BY_ALIGNMENT(.rela.*))

/DISCARD/
 *(SORT_BY_ALIGNMENT(.plt))
 *(SORT_BY_ALIGNMENT(.iplt))
 *(SORT_BY_ALIGNMENT(.got.plt))
 *(SORT_BY_ALIGNMENT(.igot.plt))
 *(SORT_BY_ALIGNMENT(.got))
 *(SORT_BY_ALIGNMENT(.igot))
 *(SORT_BY_ALIGNMENT(.irq_info*))
 *(SORT_BY_ALIGNMENT(.intList*))
 *(SORT_BY_ALIGNMENT(.note.GNU-stack))
                0x00000000                _image_rom_start = 0x0

rom_start       0x00000000       0xdc
                0x00000000                . = 0x0
                0x00000000                . = ALIGN (0x4)
                0x00000000                . = ALIGN (0x80)
                0x00000000                . = ALIGN (0x100)
                0x00000000                _vector_start = .
 *(SORT_BY_ALIGNMENT(.exc_vector_table))
 *(SORT_BY_ALIGNMENT(.exc_vector_table.*))
 .exc_vector_table._vector_table_section
                0x00000000       0x40 zephyr/arch/arch/arm/core/aarch32/cortex_m/libarch__arm__core__aarch32__cortex_m.a(vector_table.S.obj)
                0x00000000                _vector_table
 *(SORT_BY_ALIGNMENT(.gnu.linkonce.irq_vector_table*))
 .gnu.linkonce.irq_vector_table*
                0x00000040       0x9c zephyr/CMakeFiles/zephyr_final.dir/isr_tables.c.obj
                0x00000040                _irq_vector_table
 *(SORT_BY_ALIGNMENT(.vectors))
                0x000000dc                _vector_end = .
 *(SORT_BY_ALIGNMENT(.openocd_dbg))
 *(SORT_BY_ALIGNMENT(.openocd_dbg.*))

text            0x000000dc     0x5b94
                0x000000dc                _image_text_start = .
 *(SORT_BY_ALIGNMENT(.text))
 .text          0x000000dc       0x30 c:/users/jan-j/ncs/v1.4.1/toolchain/opt/bin/../lib/gcc/arm-none-eabi/9.2.1/thumb/v7e-m/nofp\libgcc.a(_aeabi_uldivmod.o)
                0x000000dc                __aeabi_uldivmod
 .text          0x0000010c      0x2c0 c:/users/jan-j/ncs/v1.4.1/toolchain/opt/bin/../lib/gcc/arm-none-eabi/9.2.1/thumb/v7e-m/nofp\libgcc.a(_udivmoddi4.o)
                0x0000010c                __udivmoddi4
 .text          0x000003cc        0x4 c:/users/jan-j/ncs/v1.4.1/toolchain/opt/bin/../lib/gcc/arm-none-eabi/9.2.1/thumb/v7e-m/nofp\libgcc.a(_dvmd_tls.o)
                0x000003cc                __aeabi_idiv0
                0x000003cc                __aeabi_ldiv0
 *(SORT_BY_ALIGNMENT(.text.*))
 .text.button_pressed
                0x000003d0       0x18 app/libapp.a(main.c.obj)
                0x000003d0                button_pressed
 .text.z_impl_gpio_pin_interrupt_configure
                0x000003e8      0x12c app/libapp.a(main.c.obj)
 .text.gpio_pin_configure
                0x00000514       0x68 app/libapp.a(main.c.obj)
 .text.gpio_pin_set
                0x0000057c       0x8c app/libapp.a(main.c.obj)
 .text.uart_out
                0x00000608       0x44 app/libapp.a(main.c.obj)
                0x00000608                uart_out
 .text.wdt_callback
                0x0000064c       0x24 app/libapp.a(main.c.obj)
 .text.button_read
                0x00000670      0x11c app/libapp.a(main.c.obj)
                0x00000670                button_read
 .text.blink0   0x0000078c       0x48 app/libapp.a(main.c.obj)
                0x0000078c                blink0
 .text.blink1   0x000007d4       0x68 app/libapp.a(main.c.obj)
                0x000007d4                blink1
 .text.watchdog
                0x0000083c      0x130 app/libapp.a(main.c.obj)
                0x0000083c                watchdog
 .text.sys_notify_finalize
                0x0000096c       0x40 zephyr/libzephyr.a(notify.c.obj)
                0x0000096c                sys_notify_finalize
 .text.print_digits
                0x000009ac       0x98 zephyr/libzephyr.a(printk.c.obj)
 .text.char_out
                0x00000a44       0x10 zephyr/libzephyr.a(printk.c.obj)
 .text.__printk_hook_install
                0x00000a54        0xc zephyr/libzephyr.a(printk.c.obj)
                0x00000a54                __printk_hook_install
 .text.z_vprintk
                0x00000a60      0x25c zephyr/libzephyr.a(printk.c.obj)
                0x00000a60                z_vprintk
 .text.vprintk  0x00000cbc       0x1c zephyr/libzephyr.a(printk.c.obj)
                0x00000cbc                vprintk
 .text.vsnprintk
                0x00000cd8       0x28 zephyr/libzephyr.a(printk.c.obj)
                0x00000cd8                vsnprintk
 .text.process_event
                0x00000d00      0x3f4 zephyr/libzephyr.a(onoff.c.obj)
 .text.transition_complete
                0x000010f4       0x64 zephyr/libzephyr.a(onoff.c.obj)
 .text.onoff_request
                0x00001158      0x130 zephyr/libzephyr.a(onoff.c.obj)
                0x00001158                onoff_request
 .text.sys_heap_init
                0x00001288      0x138 zephyr/libzephyr.a(heap.c.obj)
                0x00001288                sys_heap_init
 .text.uart_console_init
                0x000013c0       0x2c zephyr/libzephyr.a(uart_console.c.obj)
 .text.console_out
                0x000013ec       0x28 zephyr/libzephyr.a(uart_console.c.obj)
 .text.onoff_start
                0x00001414       0x4c zephyr/libzephyr.a(clock_control_nrf.c.obj)
 .text.get_status
                0x00001460       0x3c zephyr/libzephyr.a(clock_control_nrf.c.obj)
 .text.stop     0x0000149c       0x80 zephyr/libzephyr.a(clock_control_nrf.c.obj)
 .text.onoff_stop
                0x0000151c       0x28 zephyr/libzephyr.a(clock_control_nrf.c.obj)
 .text.clk_init
                0x00001544       0x60 zephyr/libzephyr.a(clock_control_nrf.c.obj)
 .text.clkstarted_handle.constprop.0
                0x000015a4       0x34 zephyr/libzephyr.a(clock_control_nrf.c.obj)
 .text.clock_event_handler
                0x000015d8       0x60 zephyr/libzephyr.a(clock_control_nrf.c.obj)
 .text.generic_hfclk_start
                0x00001638       0x64 zephyr/libzephyr.a(clock_control_nrf.c.obj)
 .text.lfclk_start
                0x0000169c       0x24 zephyr/libzephyr.a(clock_control_nrf.c.obj)
 .text.generic_hfclk_stop
                0x000016c0       0x2c zephyr/libzephyr.a(clock_control_nrf.c.obj)
 .text.api_blocking_start
                0x000016ec       0x38 zephyr/libzephyr.a(clock_control_nrf.c.obj)
 .text.z_nrf_clock_control_lf_on
                0x00001724      0x158 zephyr/libzephyr.a(clock_control_nrf.c.obj)
                0x00001724                z_nrf_clock_control_lf_on
 .text.wdt_nrf_install_timeout
                0x0000187c       0x74 zephyr/libzephyr.a(wdt_nrfx.c.obj)
 .text.wdt_0_init
                0x000018f0       0x30 zephyr/libzephyr.a(wdt_nrfx.c.obj)
 .text.wdt_0_event_handler
                0x00001920       0x3c zephyr/libzephyr.a(wdt_nrfx.c.obj)
 .text.z_clock_isr
                0x0000195c       0x28 zephyr/libzephyr.a(sys_clock_init.c.obj)
                0x0000195c                z_clock_isr
 .text.handle_next_cycle_case
                0x00001984       0x28 zephyr/libzephyr.a(nrf_rtc_timer.c.obj)
 .text.rtc_nrf_isr
                0x000019ac       0x2c zephyr/libzephyr.a(nrf_rtc_timer.c.obj)
                0x000019ac                rtc_nrf_isr
 .text.z_clock_driver_init
                0x000019d8       0x54 zephyr/libzephyr.a(nrf_rtc_timer.c.obj)
                0x000019d8                z_clock_driver_init
 .text.z_clock_set_timeout
                0x00001a2c       0xc4 zephyr/libzephyr.a(nrf_rtc_timer.c.obj)
                0x00001a2c                z_clock_set_timeout
 .text.z_clock_elapsed
                0x00001af0       0xa0 zephyr/libzephyr.a(nrf_rtc_timer.c.obj)
                0x00001af0                z_clock_elapsed
 .text.z_timer_cycle_get_32
                0x00001b90       0xa4 zephyr/libzephyr.a(nrf_rtc_timer.c.obj)
                0x00001b90                z_timer_cycle_get_32
 .text._DoInit  0x00001c34       0x60 zephyr/libzephyr.a(SEGGER_RTT.c.obj)
 .text.arch_swap
                0x00001c94       0x38 zephyr/arch/arch/arm/core/aarch32/libarch__arm__core__aarch32.a(swap.c.obj)
                0x00001c94                arch_swap
 .text.arch_irq_enable
                0x00001ccc       0x20 zephyr/arch/arch/arm/core/aarch32/libarch__arm__core__aarch32.a(irq_manage.c.obj)
                0x00001ccc                arch_irq_enable
 .text.arch_irq_is_enabled
                0x00001cec       0x1c zephyr/arch/arch/arm/core/aarch32/libarch__arm__core__aarch32.a(irq_manage.c.obj)
                0x00001cec                arch_irq_is_enabled
 .text.z_arm_irq_priority_set
                0x00001d08       0x64 zephyr/arch/arch/arm/core/aarch32/libarch__arm__core__aarch32.a(irq_manage.c.obj)
                0x00001d08                z_arm_irq_priority_set
 .text.arch_new_thread
                0x00001d6c       0x38 zephyr/arch/arch/arm/core/aarch32/libarch__arm__core__aarch32.a(thread.c.obj)
                0x00001d6c                arch_new_thread
 .text.z_check_thread_stack_fail
                0x00001da4       0x38 zephyr/arch/arch/arm/core/aarch32/libarch__arm__core__aarch32.a(thread.c.obj)
                0x00001da4                z_check_thread_stack_fail
 .text.arch_switch_to_main_thread
                0x00001ddc       0x34 zephyr/arch/arch/arm/core/aarch32/libarch__arm__core__aarch32.a(thread.c.obj)
                0x00001ddc                arch_switch_to_main_thread
 .text.z_arm_fatal_error
                0x00001e10       0x5c zephyr/arch/arch/arm/core/aarch32/libarch__arm__core__aarch32.a(fatal.c.obj)
                0x00001e10                z_arm_fatal_error
 .text.z_arm_prep_c
                0x00001e6c       0x44 zephyr/arch/arch/arm/core/aarch32/libarch__arm__core__aarch32.a(prep_c.c.obj)
                0x00001e6c                z_arm_prep_c
 .text.z_arm_pendsv
                0x00001eb0       0x58 zephyr/arch/arch/arm/core/aarch32/libarch__arm__core__aarch32.a(swap_helper.S.obj)
                0x00001eb0                z_arm_pendsv
 .text.z_arm_svc
                0x00001f08       0x20 zephyr/arch/arch/arm/core/aarch32/libarch__arm__core__aarch32.a(swap_helper.S.obj)
                0x00001f08                z_arm_svc
 .text.z_arm_cpu_idle_init
                0x00001f28        0xc zephyr/arch/arch/arm/core/aarch32/libarch__arm__core__aarch32.a(cpu_idle.S.obj)
                0x00001f28                z_arm_cpu_idle_init
 .text.arch_cpu_idle
                0x00001f34       0x1c zephyr/arch/arch/arm/core/aarch32/libarch__arm__core__aarch32.a(cpu_idle.S.obj)
                0x00001f34                arch_cpu_idle
 .text.arch_cpu_atomic_idle
                0x00001f50       0x14 zephyr/arch/arch/arm/core/aarch32/libarch__arm__core__aarch32.a(cpu_idle.S.obj)
                0x00001f50                arch_cpu_atomic_idle
 .text.z_SysNmiOnReset
                0x00001f64        0x8 zephyr/arch/arch/arm/core/aarch32/libarch__arm__core__aarch32.a(nmi_on_reset.S.obj)
                0x00001f64                z_SysNmiOnReset
 .text._isr_wrapper
                0x00001f6c       0x40 zephyr/arch/arch/arm/core/aarch32/libarch__arm__core__aarch32.a(isr_wrapper.S.obj)
                0x00001f6c                _isr_wrapper
 .text._reset_section
                0x00001fac       0x30 zephyr/arch/arch/arm/core/aarch32/cortex_m/libarch__arm__core__aarch32__cortex_m.a(reset.S.obj)
                0x00001fac                __start
                0x00001fac                z_arm_reset
 .text.__fault  0x00001fdc       0x14 zephyr/arch/arch/arm/core/aarch32/cortex_m/libarch__arm__core__aarch32__cortex_m.a(fault_s.S.obj)
                0x00001fdc                z_arm_usage_fault
                0x00001fdc                z_arm_mpu_fault
                0x00001fdc                z_arm_exc_spurious
                0x00001fdc                z_arm_debug_monitor
                0x00001fdc                z_arm_hard_fault
                0x00001fdc                z_arm_bus_fault
 .text._HandlerModeExit
                0x00001ff0       0x1c zephyr/arch/arch/arm/core/aarch32/cortex_m/libarch__arm__core__aarch32__cortex_m.a(exc_exit.S.obj)
                0x00001ff0                z_arm_int_exit
                0x00001ff0                z_arm_exc_exit
 .text.mem_manage_fault
                0x0000200c      0x10c zephyr/arch/arch/arm/core/aarch32/cortex_m/libarch__arm__core__aarch32__cortex_m.a(fault.c.obj)
 .text.bus_fault.isra.0
                0x00002118       0xb4 zephyr/arch/arch/arm/core/aarch32/cortex_m/libarch__arm__core__aarch32__cortex_m.a(fault.c.obj)
 .text.usage_fault.isra.0
                0x000021cc       0x98 zephyr/arch/arch/arm/core/aarch32/cortex_m/libarch__arm__core__aarch32__cortex_m.a(fault.c.obj)
 .text.z_arm_fault
                0x00002264      0x194 zephyr/arch/arch/arm/core/aarch32/cortex_m/libarch__arm__core__aarch32__cortex_m.a(fault.c.obj)
                0x00002264                z_arm_fault
 .text.z_arm_fault_init
                0x000023f8       0x10 zephyr/arch/arch/arm/core/aarch32/cortex_m/libarch__arm__core__aarch32__cortex_m.a(fault.c.obj)
                0x000023f8                z_arm_fault_init
 .text.z_arm_interrupt_init
                0x00002408       0x18 zephyr/arch/arch/arm/core/aarch32/cortex_m/libarch__arm__core__aarch32__cortex_m.a(irq_init.c.obj)
                0x00002408                z_arm_interrupt_init
 .text.z_impl_k_thread_abort
                0x00002420       0x58 zephyr/arch/arch/arm/core/aarch32/cortex_m/libarch__arm__core__aarch32__cortex_m.a(thread_abort.c.obj)
                0x00002420                z_impl_k_thread_abort
 .text.z_arm_configure_static_mpu_regions
                0x00002478       0x38 zephyr/arch/arch/arm/core/aarch32/cortex_m/mpu/libarch__arm__core__aarch32__cortex_m__mpu.a(arm_core_mpu.c.obj)
                0x00002478                z_arm_configure_static_mpu_regions
 .text.z_arm_configure_dynamic_mpu_regions
                0x000024b0       0x28 zephyr/arch/arch/arm/core/aarch32/cortex_m/mpu/libarch__arm__core__aarch32__cortex_m__mpu.a(arm_core_mpu.c.obj)
                0x000024b0                z_arm_configure_dynamic_mpu_regions
 .text.mpu_configure_regions
                0x000024d8       0xa0 zephyr/arch/arch/arm/core/aarch32/cortex_m/mpu/libarch__arm__core__aarch32__cortex_m__mpu.a(arm_mpu.c.obj)
 .text.arm_core_mpu_enable
                0x00002578       0x14 zephyr/arch/arch/arm/core/aarch32/cortex_m/mpu/libarch__arm__core__aarch32__cortex_m__mpu.a(arm_mpu.c.obj)
                0x00002578                arm_core_mpu_enable
 .text.arm_core_mpu_disable
                0x0000258c       0x10 zephyr/arch/arch/arm/core/aarch32/cortex_m/mpu/libarch__arm__core__aarch32__cortex_m__mpu.a(arm_mpu.c.obj)
                0x0000258c                arm_core_mpu_disable
 .text.arm_mpu_init
                0x0000259c       0xbc zephyr/arch/arch/arm/core/aarch32/cortex_m/mpu/libarch__arm__core__aarch32__cortex_m__mpu.a(arm_mpu.c.obj)
 .text.arm_core_mpu_configure_static_mpu_regions
                0x00002658       0x50 zephyr/arch/arch/arm/core/aarch32/cortex_m/mpu/libarch__arm__core__aarch32__cortex_m__mpu.a(arm_mpu.c.obj)
                0x00002658                arm_core_mpu_configure_static_mpu_regions
 .text.arm_core_mpu_configure_dynamic_mpu_regions
                0x000026a8       0x64 zephyr/arch/arch/arm/core/aarch32/cortex_m/mpu/libarch__arm__core__aarch32__cortex_m__mpu.a(arm_mpu.c.obj)
                0x000026a8                arm_core_mpu_configure_dynamic_mpu_regions
 .text.__stdout_hook_install
                0x0000270c        0xc zephyr/lib/libc/minimal/liblib__libc__minimal.a(stdout_console.c.obj)
                0x0000270c                __stdout_hook_install
 .text.nordicsemi_nrf52_init
                0x00002718       0x30 zephyr/soc/arm/nordic_nrf/nrf52/libsoc__arm__nordic_nrf__nrf52.a(soc.c.obj)
 .text.arch_busy_wait
                0x00002748       0x14 zephyr/soc/arm/nordic_nrf/nrf52/libsoc__arm__nordic_nrf__nrf52.a(soc.c.obj)
                0x00002748                arch_busy_wait
 .text.end_report
                0x0000275c       0x38 zephyr/subsys/testsuite/ztest/libsubsys__testsuite__ztest.a(ztest.c.obj)
                0x0000275c                end_report
 .text.gpio_nrfx_manage_callback
                0x00002794       0xac zephyr/drivers/gpio/libdrivers__gpio.a(gpio_nrfx.c.obj)
 .text.nrf_gpio_pin_port_decode
                0x00002840       0x70 zephyr/drivers/gpio/libdrivers__gpio.a(gpio_nrfx.c.obj)
 .text.gpio_nrfx_init
                0x000028b0       0x30 zephyr/drivers/gpio/libdrivers__gpio.a(gpio_nrfx.c.obj)
 .text.gpio_nrfx_config
                0x000028e0       0xc8 zephyr/drivers/gpio/libdrivers__gpio.a(gpio_nrfx.c.obj)
 .text.gpio_nrfx_pin_interrupt_configure
                0x000029a8      0x1f4 zephyr/drivers/gpio/libdrivers__gpio.a(gpio_nrfx.c.obj)
 .text.gpiote_event_handler
                0x00002b9c      0x158 zephyr/drivers/gpio/libdrivers__gpio.a(gpio_nrfx.c.obj)
 .text.uart_nrfx_poll_in
                0x00002cf4       0x24 zephyr/drivers/serial/libdrivers__serial.a(uart_nrfx_uart.c.obj)
 .text.uart_nrfx_err_check
                0x00002d18       0x10 zephyr/drivers/serial/libdrivers__serial.a(uart_nrfx_uart.c.obj)
 .text.uart_nrfx_configure
                0x00002d28      0x164 zephyr/drivers/serial/libdrivers__serial.a(uart_nrfx_uart.c.obj)
 .text.nrf_gpio_pin_port_decode
                0x00002e8c       0x70 zephyr/drivers/serial/libdrivers__serial.a(uart_nrfx_uart.c.obj)
 .text.uart_nrfx_poll_out
                0x00002efc       0x80 zephyr/drivers/serial/libdrivers__serial.a(uart_nrfx_uart.c.obj)
 .text.uart_nrfx_init
                0x00002f7c       0xc8 zephyr/drivers/serial/libdrivers__serial.a(uart_nrfx_uart.c.obj)
 .text.nrf52_errata_12
                0x00003044       0x1c modules/nordic/lib..__modules__hal__nordic.a(system_nrf52.c.obj)
 .text.nrf52_errata_16
                0x00003060       0x2c modules/nordic/lib..__modules__hal__nordic.a(system_nrf52.c.obj)
 .text.SystemInit
                0x0000308c      0x260 modules/nordic/lib..__modules__hal__nordic.a(system_nrf52.c.obj)
                0x0000308c                SystemInit
 .text.nrf_clock_is_running.constprop.0
                0x000032ec       0x68 modules/nordic/lib..__modules__hal__nordic.a(nrfx_clock.c.obj)
 .text.nrfx_clock_init
                0x00003354       0x48 modules/nordic/lib..__modules__hal__nordic.a(nrfx_clock.c.obj)
                0x00003354                nrfx_clock_init
 .text.nrfx_clock_enable
                0x0000339c       0x40 modules/nordic/lib..__modules__hal__nordic.a(nrfx_clock.c.obj)
                0x0000339c                nrfx_clock_enable
 .text.nrfx_clock_start
                0x000033dc       0xdc modules/nordic/lib..__modules__hal__nordic.a(nrfx_clock.c.obj)
                0x000033dc                nrfx_clock_start
 .text.nrfx_clock_stop
                0x000034b8       0xdc modules/nordic/lib..__modules__hal__nordic.a(nrfx_clock.c.obj)
                0x000034b8                nrfx_clock_stop
 .text.nrfx_power_clock_irq_handler
                0x00003594       0x68 modules/nordic/lib..__modules__hal__nordic.a(nrfx_clock.c.obj)
                0x00003594                nrfx_power_clock_irq_handler
 .text.nrfx_wdt_init
                0x000035fc       0xb4 modules/nordic/lib..__modules__hal__nordic.a(nrfx_wdt.c.obj)
                0x000035fc                nrfx_wdt_init
 .text.nrfx_wdt_enable
                0x000036b0       0x64 modules/nordic/lib..__modules__hal__nordic.a(nrfx_wdt.c.obj)
                0x000036b0                nrfx_wdt_enable
 .text.nrfx_wdt_channel_alloc
                0x00003714       0x98 modules/nordic/lib..__modules__hal__nordic.a(nrfx_wdt.c.obj)
                0x00003714                nrfx_wdt_channel_alloc
 .text.nrfx_wdt_channel_feed
                0x000037ac       0x48 modules/nordic/lib..__modules__hal__nordic.a(nrfx_wdt.c.obj)
                0x000037ac                nrfx_wdt_channel_feed
 .text.nrfx_wdt_0_irq_handler
                0x000037f4       0x20 modules/nordic/lib..__modules__hal__nordic.a(nrfx_wdt.c.obj)
                0x000037f4                nrfx_wdt_0_irq_handler
 .text.z_sys_init_run_level
                0x00003814       0x50 zephyr/kernel/libkernel.a(device.c.obj)
                0x00003814                z_sys_init_run_level
 .text.z_device_ready
                0x00003864       0x2c zephyr/kernel/libkernel.a(device.c.obj)
                0x00003864                z_device_ready
 .text.z_impl_device_get_binding
                0x00003890       0x50 zephyr/kernel/libkernel.a(device.c.obj)
                0x00003890                z_impl_device_get_binding
 .text.k_sys_fatal_error_handler
                0x000038e0       0x18 zephyr/kernel/libkernel.a(fatal.c.obj)
                0x000038e0                k_sys_fatal_error_handler
 .text.z_fatal_error
                0x000038f8       0xb8 zephyr/kernel/libkernel.a(fatal.c.obj)
                0x000038f8                z_fatal_error
 .text.idle     0x000039b0       0x34 zephyr/kernel/libkernel.a(idle.c.obj)
                0x000039b0                idle
 .text.z_bss_zero
                0x000039e4       0x14 zephyr/kernel/libkernel.a(init.c.obj)
                0x000039e4                z_bss_zero
 .text.z_data_copy
                0x000039f8       0x34 zephyr/kernel/libkernel.a(init.c.obj)
                0x000039f8                z_data_copy
 .text.bg_thread_main
                0x00003a2c       0x30 zephyr/kernel/libkernel.a(init.c.obj)
 .text.z_cstart
                0x00003a5c      0x114 zephyr/kernel/libkernel.a(init.c.obj)
                0x00003a5c                z_cstart
 .text.pended_on.isra.0
                0x00003b70       0x30 zephyr/kernel/libkernel.a(sched.c.obj)
 .text.z_reset_time_slice
                0x00003ba0       0x2c zephyr/kernel/libkernel.a(sched.c.obj)
                0x00003ba0                z_reset_time_slice
 .text.k_sched_time_slice_set
                0x00003bcc       0xc0 zephyr/kernel/libkernel.a(sched.c.obj)
                0x00003bcc                k_sched_time_slice_set
 .text.z_reschedule
                0x00003c8c       0x88 zephyr/kernel/libkernel.a(sched.c.obj)
                0x00003c8c                z_reschedule
 .text.k_sched_lock
                0x00003d14       0xf0 zephyr/kernel/libkernel.a(sched.c.obj)
                0x00003d14                k_sched_lock
 .text.z_priq_dumb_remove
                0x00003e04       0x5c zephyr/kernel/libkernel.a(sched.c.obj)
                0x00003e04                z_priq_dumb_remove
 .text.update_cache
                0x00003e60       0x48 zephyr/kernel/libkernel.a(sched.c.obj)
 .text.k_sched_unlock
                0x00003ea8       0xf8 zephyr/kernel/libkernel.a(sched.c.obj)
                0x00003ea8                k_sched_unlock
 .text.ready_thread
                0x00003fa0       0x9c zephyr/kernel/libkernel.a(sched.c.obj)
 .text.z_ready_thread
                0x0000403c       0x90 zephyr/kernel/libkernel.a(sched.c.obj)
                0x0000403c                z_ready_thread
 .text.z_sched_start
                0x000040cc       0xa8 zephyr/kernel/libkernel.a(sched.c.obj)
                0x000040cc                z_sched_start
 .text.z_thread_timeout
                0x00004174       0xac zephyr/kernel/libkernel.a(sched.c.obj)
                0x00004174                z_thread_timeout
 .text.move_thread_to_end_of_prio_q
                0x00004220       0xa4 zephyr/kernel/libkernel.a(sched.c.obj)
 .text.z_time_slice
                0x000042c4       0xf0 zephyr/kernel/libkernel.a(sched.c.obj)
                0x000042c4                z_time_slice
 .text.z_impl_k_thread_suspend
                0x000043b4       0xd4 zephyr/kernel/libkernel.a(sched.c.obj)
                0x000043b4                z_impl_k_thread_suspend
 .text.z_thread_single_abort
                0x00004488      0x164 zephyr/kernel/libkernel.a(sched.c.obj)
                0x00004488                z_thread_single_abort
 .text.unready_thread
                0x000045ec       0x38 zephyr/kernel/libkernel.a(sched.c.obj)
 .text.add_to_waitq_locked
                0x00004624       0x84 zephyr/kernel/libkernel.a(sched.c.obj)
 .text.pend     0x000046a8       0xbc zephyr/kernel/libkernel.a(sched.c.obj)
 .text.z_pend_curr
                0x00004764       0x60 zephyr/kernel/libkernel.a(sched.c.obj)
                0x00004764                z_pend_curr
 .text.z_unpend_first_thread
                0x000047c4      0x10c zephyr/kernel/libkernel.a(sched.c.obj)
                0x000047c4                z_unpend_first_thread
 .text.z_sched_init
                0x000048d0       0x18 zephyr/kernel/libkernel.a(sched.c.obj)
                0x000048d0                z_sched_init
 .text.z_impl_k_yield
                0x000048e8      0x15c zephyr/kernel/libkernel.a(sched.c.obj)
                0x000048e8                z_impl_k_yield
 .text.z_tick_sleep
                0x00004a44      0x134 zephyr/kernel/libkernel.a(sched.c.obj)
 .text.z_impl_k_sleep
                0x00004b78       0x6c zephyr/kernel/libkernel.a(sched.c.obj)
                0x00004b78                z_impl_k_sleep
 .text.z_impl_k_current_get
                0x00004be4        0xc zephyr/kernel/libkernel.a(sched.c.obj)
                0x00004be4                z_impl_k_current_get
 .text.z_impl_k_sem_give
                0x00004bf0       0x80 zephyr/kernel/libkernel.a(sem.c.obj)
                0x00004bf0                z_impl_k_sem_give
 .text.z_impl_k_sem_take
                0x00004c70      0x114 zephyr/kernel/libkernel.a(sem.c.obj)
                0x00004c70                z_impl_k_sem_take
 .text.z_setup_new_thread
                0x00004d84       0xe4 zephyr/kernel/libkernel.a(thread.c.obj)
                0x00004d84                z_setup_new_thread
 .text.z_init_static_threads
                0x00004e68      0x120 zephyr/kernel/libkernel.a(thread.c.obj)
                0x00004e68                z_init_static_threads
 .text.z_spin_lock_valid
                0x00004f88       0x1c zephyr/kernel/libkernel.a(thread.c.obj)
                0x00004f88                z_spin_lock_valid
 .text.z_spin_unlock_valid
                0x00004fa4       0x20 zephyr/kernel/libkernel.a(thread.c.obj)
                0x00004fa4                z_spin_unlock_valid
 .text.z_spin_lock_set_owner
                0x00004fc4       0x10 zephyr/kernel/libkernel.a(thread.c.obj)
                0x00004fc4                z_spin_lock_set_owner
 .text.elapsed  0x00004fd4       0x14 zephyr/kernel/libkernel.a(timeout.c.obj)
 .text.remove_timeout
                0x00004fe8       0x34 zephyr/kernel/libkernel.a(timeout.c.obj)
 .text.next_timeout
                0x0000501c       0x50 zephyr/kernel/libkernel.a(timeout.c.obj)
 .text.z_add_timeout
                0x0000506c      0x1a8 zephyr/kernel/libkernel.a(timeout.c.obj)
                0x0000506c                z_add_timeout
 .text.z_abort_timeout
                0x00005214       0x9c zephyr/kernel/libkernel.a(timeout.c.obj)
                0x00005214                z_abort_timeout
 .text.z_get_next_timeout_expiry
                0x000052b0       0x90 zephyr/kernel/libkernel.a(timeout.c.obj)
                0x000052b0                z_get_next_timeout_expiry
 .text.z_set_timeout_expiry
                0x00005340       0xa0 zephyr/kernel/libkernel.a(timeout.c.obj)
                0x00005340                z_set_timeout_expiry
 .text.z_clock_announce
                0x000053e0      0x198 zephyr/kernel/libkernel.a(timeout.c.obj)
                0x000053e0                z_clock_announce
 .text.z_tick_get
                0x00005578       0xa0 zephyr/kernel/libkernel.a(timeout.c.obj)
                0x00005578                z_tick_get
 .text.statics_init
                0x00005618       0x58 zephyr/kernel/libkernel.a(kheap.c.obj)
 .text.k_msleep
                0x00005670       0x26 app/libapp.a(main.c.obj)
 .text.sys_notify_validate
                0x00005696       0x22 zephyr/libzephyr.a(notify.c.obj)
                0x00005696                sys_notify_validate
 .text.arch_printk_char_out
                0x000056b8        0x4 zephyr/libzephyr.a(printk.c.obj)
                0x000056b8                arch_printk_char_out
 .text.str_out  0x000056bc       0x26 zephyr/libzephyr.a(printk.c.obj)
 .text.printk   0x000056e2       0x1a zephyr/libzephyr.a(printk.c.obj)
                0x000056e2                printk
 .text.snprintk
                0x000056fc       0x1a zephyr/libzephyr.a(printk.c.obj)
                0x000056fc                snprintk
 .text.process_recheck
                0x00005716       0x38 zephyr/libzephyr.a(onoff.c.obj)
 .text.notify_one
                0x0000574e       0x2c zephyr/libzephyr.a(onoff.c.obj)
 .text.validate_args
                0x0000577a       0x1e zephyr/libzephyr.a(onoff.c.obj)
 .text.onoff_manager_init
                0x00005798       0x26 zephyr/libzephyr.a(onoff.c.obj)
                0x00005798                onoff_manager_init
 .text.z_thread_entry
                0x000057be       0x14 zephyr/libzephyr.a(thread_entry.c.obj)
                0x000057be                z_thread_entry
 .text.chunk_field
                0x000057d2       0x16 zephyr/libzephyr.a(heap.c.obj)
 .text.chunk_set
                0x000057e8       0x16 zephyr/libzephyr.a(heap.c.obj)
 .text.chunk_size
                0x000057fe        0xc zephyr/libzephyr.a(heap.c.obj)
 .text.set_chunk_used
                0x0000580a       0x30 zephyr/libzephyr.a(heap.c.obj)
 .text.set_chunk_size
                0x0000583a        0x8 zephyr/libzephyr.a(heap.c.obj)
 .text.bytes_to_chunksz
                0x00005842       0x14 zephyr/libzephyr.a(heap.c.obj)
 .text.bucket_idx
                0x00005856       0x18 zephyr/libzephyr.a(heap.c.obj)
 .text.free_list_add
                0x0000586e       0x8a zephyr/libzephyr.a(heap.c.obj)
 .text.assert_post_action
                0x000058f8        0xe zephyr/libzephyr.a(assert.c.obj)
                0x000058f8                assert_post_action
 .text._ConfigAbsSyms
                0x00005906        0x2 zephyr/libzephyr.a(configs.c.obj)
                0x00005906                _ConfigAbsSyms
 .text.set_starting_state
                0x00005908       0x3c zephyr/libzephyr.a(clock_control_nrf.c.obj)
 .text.set_on_state
                0x00005944       0x26 zephyr/libzephyr.a(clock_control_nrf.c.obj)
 .text.onoff_started_callback
                0x0000596a        0xc zephyr/libzephyr.a(clock_control_nrf.c.obj)
 .text.api_stop
                0x00005976        0x6 zephyr/libzephyr.a(clock_control_nrf.c.obj)
 .text.blocking_start_callback
                0x0000597c        0x6 zephyr/libzephyr.a(clock_control_nrf.c.obj)
 .text.lfclk_stop
                0x00005982        0x6 zephyr/libzephyr.a(clock_control_nrf.c.obj)
 .text.api_start
                0x00005988       0x32 zephyr/libzephyr.a(clock_control_nrf.c.obj)
 .text.wdt_nrf_disable
                0x000059ba        0x6 zephyr/libzephyr.a(wdt_nrfx.c.obj)
 .text.wdt_nrf_feed
                0x000059c0       0x1e zephyr/libzephyr.a(wdt_nrfx.c.obj)
 .text.wdt_nrf_setup
                0x000059de       0x3c zephyr/libzephyr.a(wdt_nrfx.c.obj)
 .text.z_clock_idle_exit
                0x00005a1a        0x2 zephyr/libzephyr.a(sys_clock_init.c.obj)
                0x00005a1a                z_clock_idle_exit
 .text.SEGGER_RTT_Init
                0x00005a1c        0x4 zephyr/libzephyr.a(SEGGER_RTT.c.obj)
                0x00005a1c                SEGGER_RTT_Init
 .text.rtt_init
                0x00005a20        0xa zephyr/libzephyr.a(SEGGER_RTT_zephyr.c.obj)
 .text.z_irq_spurious
                0x00005a2a        0x8 zephyr/arch/arch/arm/core/aarch32/libarch__arm__core__aarch32.a(irq_manage.c.obj)
                0x00005a2a                z_irq_spurious
 .text.z_do_kernel_oops
                0x00005a32        0x8 zephyr/arch/arch/arm/core/aarch32/libarch__arm__core__aarch32.a(fatal.c.obj)
                0x00005a32                z_do_kernel_oops
 .text.z_arm_nmi
                0x00005a3a        0xe zephyr/arch/arch/arm/core/aarch32/libarch__arm__core__aarch32.a(nmi.c.obj)
                0x00005a3a                z_arm_nmi
 .text.strcpy   0x00005a48       0x14 zephyr/lib/libc/minimal/liblib__libc__minimal.a(string.c.obj)
                0x00005a48                strcpy
 .text.strncpy  0x00005a5c       0x26 zephyr/lib/libc/minimal/liblib__libc__minimal.a(string.c.obj)
                0x00005a5c                strncpy
 .text.strcmp   0x00005a82       0x18 zephyr/lib/libc/minimal/liblib__libc__minimal.a(string.c.obj)
                0x00005a82                strcmp
 .text.memcpy   0x00005a9a       0x56 zephyr/lib/libc/minimal/liblib__libc__minimal.a(string.c.obj)
                0x00005a9a                memcpy
 .text.memset   0x00005af0       0x46 zephyr/lib/libc/minimal/liblib__libc__minimal.a(string.c.obj)
                0x00005af0                memset
 .text._stdout_hook_default
                0x00005b36        0x6 zephyr/lib/libc/minimal/liblib__libc__minimal.a(stdout_console.c.obj)
 .text.z_platform_init
                0x00005b3c        0x4 zephyr/soc/arm/nordic_nrf/nrf52/libsoc__arm__nordic_nrf__nrf52.a(soc.c.obj)
                0x00005b3c                z_platform_init
 .text.main     0x00005b40        0x4 zephyr/subsys/testsuite/ztest/libsubsys__testsuite__ztest.a(ztest.c.obj)
                0x00005b40                main
 .text.gpio_nrfx_port_get_raw
                0x00005b44        0xe zephyr/drivers/gpio/libdrivers__gpio.a(gpio_nrfx.c.obj)
 .text.gpio_nrfx_port_set_masked_raw
                0x00005b52       0x16 zephyr/drivers/gpio/libdrivers__gpio.a(gpio_nrfx.c.obj)
 .text.gpio_nrfx_port_set_bits_raw
                0x00005b68        0xc zephyr/drivers/gpio/libdrivers__gpio.a(gpio_nrfx.c.obj)
 .text.gpio_nrfx_port_clear_bits_raw
                0x00005b74        0xc zephyr/drivers/gpio/libdrivers__gpio.a(gpio_nrfx.c.obj)
 .text.gpio_nrfx_port_toggle_bits
                0x00005b80       0x12 zephyr/drivers/gpio/libdrivers__gpio.a(gpio_nrfx.c.obj)
 .text.nrf_gpio_cfg_sense_set
                0x00005b92       0x26 zephyr/drivers/gpio/libdrivers__gpio.a(gpio_nrfx.c.obj)
 .text.uart_nrfx_config_get
                0x00005bb8       0x10 zephyr/drivers/serial/libdrivers__serial.a(uart_nrfx_uart.c.obj)
 .text.nrfx_isr
                0x00005bc8        0x2 modules/nordic/lib..__modules__hal__nordic.a(nrfx_glue.c.obj)
                0x00005bc8                nrfx_isr
 .text.nrfx_busy_wait
                0x00005bca        0x4 modules/nordic/lib..__modules__hal__nordic.a(nrfx_glue.c.obj)
                0x00005bca                nrfx_busy_wait
 .text.arch_system_halt
                0x00005bce       0x12 zephyr/kernel/libkernel.a(fatal.c.obj)
                0x00005bce                arch_system_halt
 .text.z_sys_power_save_idle_exit
                0x00005be0        0x4 zephyr/kernel/libkernel.a(idle.c.obj)
                0x00005be0                z_sys_power_save_idle_exit
 .text.z_reschedule_irqlock
                0x00005be4       0x18 zephyr/kernel/libkernel.a(sched.c.obj)
                0x00005be4                z_reschedule_irqlock
 .text.z_reschedule_unlocked
                0x00005bfc       0x14 zephyr/kernel/libkernel.a(sched.c.obj)
 .text.unpend_thread_no_timeout
                0x00005c10       0x1e zephyr/kernel/libkernel.a(sched.c.obj)
 .text.z_priq_dumb_best
                0x00005c2e       0x14 zephyr/kernel/libkernel.a(sched.c.obj)
                0x00005c2e                z_priq_dumb_best
 .text.k_is_in_isr
                0x00005c42        0xc zephyr/kernel/libkernel.a(thread.c.obj)
                0x00005c42                k_is_in_isr
 .text.z_impl_k_busy_wait
                0x00005c4e        0x4 zephyr/kernel/libkernel.a(thread.c.obj)
                0x00005c4e                z_impl_k_busy_wait
 .text.k_thread_name_get
                0x00005c52        0x4 zephyr/kernel/libkernel.a(thread.c.obj)
                0x00005c52                k_thread_name_get
 .text.z_tick_get_32
                0x00005c56        0x8 zephyr/kernel/libkernel.a(timeout.c.obj)
                0x00005c56                z_tick_get_32
 .text.k_heap_init
                0x00005c5e       0x10 zephyr/kernel/libkernel.a(kheap.c.obj)
                0x00005c5e                k_heap_init
 .text._OffsetAbsSyms
                0x00005c6e        0x2 zephyr/CMakeFiles/offsets.dir/arch/arm/core/offsets/offsets.c.obj
                0x00005c6e                _OffsetAbsSyms
 *(SORT_BY_ALIGNMENT(.gnu.linkonce.t.*))
 *(SORT_BY_ALIGNMENT(.glue_7t))
 .glue_7t       0x00005c70        0x0 linker stubs
 *(SORT_BY_ALIGNMENT(.glue_7))
 .glue_7        0x00005c70        0x0 linker stubs
 *(SORT_BY_ALIGNMENT(.vfp11_veneer))
 .vfp11_veneer  0x00005c70        0x0 linker stubs
 *(SORT_BY_ALIGNMENT(.v4_bx))
 .v4_bx         0x00005c70        0x0 linker stubs
                0x00005c70                _image_text_end = .

.ARM.exidx      0x00005c70        0x8
                0x00005c70                __exidx_start = .
 *(SORT_BY_ALIGNMENT(.ARM.exidx*) SORT_BY_ALIGNMENT(gnu.linkonce.armexidx.*))
 .ARM.exidx     0x00005c70        0x8 c:/users/jan-j/ncs/v1.4.1/toolchain/opt/bin/../lib/gcc/arm-none-eabi/9.2.1/thumb/v7e-m/nofp\libgcc.a(_udivmoddi4.o)
                0x00005c78                __exidx_end = .
                0x00005c78                _image_rodata_start = .

initlevel       0x00005c78       0x50
                0x00005c78                __init_start = .
                0x00005c78                __init_PRE_KERNEL_1_start = .
 *(SORT_BY_NAME(SORT_BY_ALIGNMENT(.init_PRE_KERNEL_1[0-9]*)))
 .init_PRE_KERNEL_10
                0x00005c78        0x8 zephyr/soc/arm/nordic_nrf/nrf52/libsoc__arm__nordic_nrf__nrf52.a(soc.c.obj)
 .init_PRE_KERNEL_130
                0x00005c80        0x8 zephyr/libzephyr.a(SEGGER_RTT_zephyr.c.obj)
 .init_PRE_KERNEL_130
                0x00005c88        0x8 zephyr/kernel/libkernel.a(kheap.c.obj)
 .init_PRE_KERNEL_140
                0x00005c90        0x8 zephyr/arch/arch/arm/core/aarch32/cortex_m/mpu/libarch__arm__core__aarch32__cortex_m__mpu.a(arm_mpu.c.obj)
 .init_PRE_KERNEL_150
                0x00005c98        0x8 zephyr/libzephyr.a(clock_control_nrf.c.obj)
 .init_PRE_KERNEL_150
                0x00005ca0        0x8 zephyr/libzephyr.a(wdt_nrfx.c.obj)
 .init_PRE_KERNEL_150
                0x00005ca8        0x8 zephyr/drivers/serial/libdrivers__serial.a(uart_nrfx_uart.c.obj)
 *(SORT_BY_NAME(SORT_BY_ALIGNMENT(.init_PRE_KERNEL_1[1-9][0-9]*)))
                0x00005cb0                __init_PRE_KERNEL_2_start = .
 *(SORT_BY_NAME(SORT_BY_ALIGNMENT(.init_PRE_KERNEL_2[0-9]*)))
 .init_PRE_KERNEL_20
                0x00005cb0        0x8 zephyr/libzephyr.a(sys_clock_init.c.obj)
 *(SORT_BY_NAME(SORT_BY_ALIGNMENT(.init_PRE_KERNEL_2[1-9][0-9]*)))
                0x00005cb8                __init_POST_KERNEL_start = .
 *(SORT_BY_NAME(SORT_BY_ALIGNMENT(.init_POST_KERNEL[0-9]*)))
 .init_POST_KERNEL40
                0x00005cb8        0x8 zephyr/drivers/gpio/libdrivers__gpio.a(gpio_nrfx.c.obj)
 .init_POST_KERNEL60
                0x00005cc0        0x8 zephyr/libzephyr.a(uart_console.c.obj)
 *(SORT_BY_NAME(SORT_BY_ALIGNMENT(.init_POST_KERNEL[1-9][0-9]*)))
                0x00005cc8                __init_APPLICATION_start = .
 *(SORT_BY_NAME(SORT_BY_ALIGNMENT(.init_APPLICATION[0-9]*)))
 *(SORT_BY_NAME(SORT_BY_ALIGNMENT(.init_APPLICATION[1-9][0-9]*)))
                0x00005cc8                __init_SMP_start = .
 *(SORT_BY_NAME(SORT_BY_ALIGNMENT(.init_SMP[0-9]*)))
 *(SORT_BY_NAME(SORT_BY_ALIGNMENT(.init_SMP[1-9][0-9]*)))
                0x00005cc8                __init_end = .

sw_isr_table    0x00005cc8      0x138
                0x00005cc8                . = ALIGN (0x0)
 *(SORT_BY_ALIGNMENT(.gnu.linkonce.sw_isr_table*))
 .gnu.linkonce.sw_isr_table*
                0x00005cc8      0x138 zephyr/CMakeFiles/zephyr_final.dir/isr_tables.c.obj
                0x00005cc8                _sw_isr_table

initlevel_error
                0x00005c78        0x0
 *(SORT_BY_NAME(SORT_BY_ALIGNMENT(.init_[_A-Z0-9]*)))
                0x00000001                ASSERT ((SIZEOF (initlevel_error) == 0x0), Undefined initialization levels used.)

app_shmem_regions
                0x00005e00        0x0
                0x00005e00                __app_shmem_regions_start = .
 *(SORT_BY_NAME(SORT_BY_ALIGNMENT(.app_regions.*)))
                0x00005e00                __app_shmem_regions_end = .

bt_l2cap_fixed_chan_area
                0x00005e00        0x0
                0x00005e00                _bt_l2cap_fixed_chan_list_start = .
 *(SORT_BY_NAME(SORT_BY_ALIGNMENT(._bt_l2cap_fixed_chan.static.*)))
                0x00005e00                _bt_l2cap_fixed_chan_list_end = .

bt_gatt_service_static_area
                0x00005e00        0x0
                0x00005e00                _bt_gatt_service_static_list_start = .
 *(SORT_BY_NAME(SORT_BY_ALIGNMENT(._bt_gatt_service_static.static.*)))
                0x00005e00                _bt_gatt_service_static_list_end = .

log_const_sections
                0x00005e00       0x30
                0x00005e00                __log_const_start = .
 *(SORT_BY_NAME(SORT_BY_ALIGNMENT(.log_const_*)))
 .log_const_clock_control
                0x00005e00        0x8 zephyr/libzephyr.a(clock_control_nrf.c.obj)
                0x00005e00                log_const_clock_control
 .log_const_mpu
                0x00005e08        0x8 zephyr/arch/arch/arm/core/aarch32/cortex_m/mpu/libarch__arm__core__aarch32__cortex_m__mpu.a(arm_core_mpu.c.obj)
                0x00005e08                log_const_mpu
 .log_const_os  0x00005e10        0x8 zephyr/kernel/libkernel.a(init.c.obj)
                0x00005e10                log_const_os
 .log_const_power
                0x00005e18        0x8 zephyr/libzephyr.a(power.c.obj)
                0x00005e18                log_const_power
 .log_const_soc
                0x00005e20        0x8 zephyr/soc/arm/nordic_nrf/nrf52/libsoc__arm__nordic_nrf__nrf52.a(soc.c.obj)
                0x00005e20                log_const_soc
 .log_const_wdt_nrfx
                0x00005e28        0x8 zephyr/libzephyr.a(wdt_nrfx.c.obj)
                0x00005e28                log_const_wdt_nrfx
                0x00005e30                __log_const_end = .

log_backends_sections
                0x00005e30        0x0
                0x00005e30                __log_backends_start = .
 *(SORT_BY_ALIGNMENT(._log_backend.*))
                0x00005e30                __log_backends_end = .

shell_area      0x00005e30        0x0
                0x00005e30                _shell_list_start = .
 *(SORT_BY_NAME(SORT_BY_ALIGNMENT(._shell.static.*)))
                0x00005e30                _shell_list_end = .

shell_root_cmds_sections
                0x00005e30        0x0
                0x00005e30                __shell_root_cmds_start = .
 *(SORT_BY_NAME(SORT_BY_ALIGNMENT(.shell_root_cmd_*)))
                0x00005e30                __shell_root_cmds_end = .

font_entry_sections
                0x00005e30        0x0
                0x00005e30                __font_entry_start = .
 *(SORT_BY_NAME(SORT_BY_ALIGNMENT(._cfb_font.*)))
                0x00005e30                __font_entry_end = .

tracing_backend_area
                0x00005e30        0x0
                0x00005e30                _tracing_backend_list_start = .
 *(SORT_BY_NAME(SORT_BY_ALIGNMENT(._tracing_backend.static.*)))
                0x00005e30                _tracing_backend_list_end = .

rodata          0x00005e30     0x18e0
 *(SORT_BY_ALIGNMENT(.rodata))
 *(SORT_BY_ALIGNMENT(.rodata.*))
 .rodata.delay_machine_code.11387
                0x00005e30        0x6 zephyr/soc/arm/nordic_nrf/nrf52/libsoc__arm__nordic_nrf__nrf52.a(soc.c.obj)
 *fill*         0x00005e36        0x2 
 .rodata.clock_control_api
                0x00005e38       0x14 zephyr/libzephyr.a(clock_control_nrf.c.obj)
 .rodata.config
                0x00005e4c       0x18 zephyr/libzephyr.a(clock_control_nrf.c.obj)
 .rodata.transitions.10029
                0x00005e64        0xc zephyr/libzephyr.a(clock_control_nrf.c.obj)
 .rodata.wdt_0z_config
                0x00005e70       0x14 zephyr/libzephyr.a(wdt_nrfx.c.obj)
 .rodata.wdt_nrfx_driver_api
                0x00005e84       0x10 zephyr/libzephyr.a(wdt_nrfx.c.obj)
 .rodata.mpu_config
                0x00005e94        0x8 zephyr/soc/arm/common/cortex_m/libsoc__arm__common__cortex_m.a(arm_mpu_regions.c.obj)
                0x00005e94                mpu_config
 .rodata.mpu_regions
                0x00005e9c       0x18 zephyr/soc/arm/common/cortex_m/libsoc__arm__common__cortex_m.a(arm_mpu_regions.c.obj)
 .rodata.gpio_nrfx_drv_api_funcs
                0x00005eb4       0x24 zephyr/drivers/gpio/libdrivers__gpio.a(gpio_nrfx.c.obj)
 .rodata.gpio_nrfx_p0_cfg
                0x00005ed8        0xc zephyr/drivers/gpio/libdrivers__gpio.a(gpio_nrfx.c.obj)
 .rodata.uart_nrfx_uart_driver_api
                0x00005ee4       0x14 zephyr/drivers/serial/libdrivers__serial.a(uart_nrfx_uart.c.obj)
 .rodata.levels.8599
                0x00005ef8       0x14 zephyr/kernel/libkernel.a(device.c.obj)
 .rodata._k_neg_eagain
                0x00005f0c        0x4 zephyr/kernel/libkernel.a(errno.c.obj)
                0x00005f0c                _k_neg_eagain
 .rodata.CSWTCH.18
                0x00005f10       0x14 zephyr/kernel/libkernel.a(fatal.c.obj)
 .rodata.button_pressed.str1.1
                0x00005f24       0x16 app/libapp.a(main.c.obj)
 .rodata.z_impl_gpio_pin_interrupt_configure.str1.1
                0x00005f3a      0x2bd app/libapp.a(main.c.obj)
 .rodata.uart_out.str1.1
                0x000061f7       0x60 app/libapp.a(main.c.obj)
 .rodata.wdt_callback.str1.1
                0x00006257       0x2f app/libapp.a(main.c.obj)
 .rodata.button_read.str1.1
                0x00006286       0xbb app/libapp.a(main.c.obj)
 .rodata.blink0.str1.1
                0x00006341       0x17 app/libapp.a(main.c.obj)
 .rodata.blink1.str1.1
                0x00006358       0x17 app/libapp.a(main.c.obj)
 .rodata.watchdog.str1.1
                0x0000636f       0xe2 app/libapp.a(main.c.obj)
 .rodata.str1.1
                0x00006451       0x3b app/libapp.a(main.c.obj)
 .rodata.sys_notify_finalize.str1.1
                0x0000648c       0x23 zephyr/libzephyr.a(notify.c.obj)
                                 0x42 (size before relaxing)
 .rodata.print_digits.str1.1
                0x000064af       0x11 zephyr/libzephyr.a(printk.c.obj)
 .rodata.process_event.str1.1
                0x000064c0      0x11a zephyr/libzephyr.a(onoff.c.obj)
                                0x139 (size before relaxing)
 .rodata.sys_heap_free.str1.1
                0x000065da       0xcc zephyr/libzephyr.a(heap.c.obj)
                                 0xe9 (size before relaxing)
 .rodata.sys_heap_init.str1.1
                0x000066a6       0x8b zephyr/libzephyr.a(heap.c.obj)
 .rodata.str1.1
                0x00006731        0x6 zephyr/libzephyr.a(power.c.obj)
 .rodata.uart_console_init.str1.1
                0x00006737        0x7 zephyr/libzephyr.a(uart_console.c.obj)
 .rodata.get_status.str1.1
                0x0000673e       0x61 zephyr/libzephyr.a(clock_control_nrf.c.obj)
                                 0x7e (size before relaxing)
 .rodata.clock_event_handler.str1.1
                0x0000679f        0x2 zephyr/libzephyr.a(clock_control_nrf.c.obj)
 .rodata.z_nrf_clock_control_lf_on.str1.1
                0x0000679f        0x9 zephyr/libzephyr.a(clock_control_nrf.c.obj)
 .rodata.str1.1
                0x000067a8       0x20 zephyr/libzephyr.a(clock_control_nrf.c.obj)
 .rodata.str1.1
                0x000067c8        0x9 zephyr/libzephyr.a(wdt_nrfx.c.obj)
                                  0xd (size before relaxing)
 .rodata.z_clock_isr.str1.1
                0x000067d1       0x32 zephyr/libzephyr.a(sys_clock_init.c.obj)
                                 0x51 (size before relaxing)
 .rodata.str1.1
                0x00006803        0xa zephyr/libzephyr.a(sys_clock_init.c.obj)
 .rodata.z_clock_elapsed.str1.1
                0x0000680d       0x95 zephyr/libzephyr.a(nrf_rtc_timer.c.obj)
 .rodata._DoInit.str1.1
                0x0000680d       0x14 zephyr/libzephyr.a(SEGGER_RTT.c.obj)
 .rodata.z_arm_irq_priority_set.str1.1
                0x00006821       0x86 zephyr/arch/arch/arm/core/aarch32/libarch__arm__core__aarch32.a(irq_manage.c.obj)
                                 0xa3 (size before relaxing)
 .rodata.z_arm_fatal_error.str1.1
                0x000068a7       0xaf zephyr/arch/arch/arm/core/aarch32/libarch__arm__core__aarch32.a(fatal.c.obj)
 .rodata.mem_manage_fault.str1.1
                0x00006956      0x158 zephyr/arch/arch/arm/core/aarch32/cortex_m/libarch__arm__core__aarch32__cortex_m.a(fault.c.obj)
                                0x177 (size before relaxing)
 .rodata.bus_fault.isra.0.str1.1
                0x00006aae       0xa6 zephyr/arch/arch/arm/core/aarch32/cortex_m/libarch__arm__core__aarch32__cortex_m.a(fault.c.obj)
 .rodata.usage_fault.isra.0.str1.1
                0x00006b54       0xf0 zephyr/arch/arch/arm/core/aarch32/cortex_m/libarch__arm__core__aarch32__cortex_m.a(fault.c.obj)
 .rodata.z_arm_fault.str1.1
                0x00006c44      0x168 zephyr/arch/arch/arm/core/aarch32/cortex_m/libarch__arm__core__aarch32__cortex_m.a(fault.c.obj)
 .rodata.str1.1
                0x00006dac        0x4 zephyr/arch/arch/arm/core/aarch32/cortex_m/mpu/libarch__arm__core__aarch32__cortex_m__mpu.a(arm_core_mpu.c.obj)
 .rodata.mpu_configure_regions.str1.1
                0x00006db0       0x53 zephyr/arch/arch/arm/core/aarch32/cortex_m/mpu/libarch__arm__core__aarch32__cortex_m__mpu.a(arm_mpu.c.obj)
 .rodata.arm_mpu_init.str1.1
                0x00006e03       0xe5 zephyr/arch/arch/arm/core/aarch32/cortex_m/mpu/libarch__arm__core__aarch32__cortex_m__mpu.a(arm_mpu.c.obj)
                                0x104 (size before relaxing)
 .rodata.arm_core_mpu_configure_static_mpu_regions.str1.1
                0x00006ee8       0x2c zephyr/arch/arch/arm/core/aarch32/cortex_m/mpu/libarch__arm__core__aarch32__cortex_m__mpu.a(arm_mpu.c.obj)
 .rodata.arm_core_mpu_configure_dynamic_mpu_regions.str1.1
                0x00006f14       0x2d zephyr/arch/arch/arm/core/aarch32/cortex_m/mpu/libarch__arm__core__aarch32__cortex_m__mpu.a(arm_mpu.c.obj)
 .rodata.str1.1
                0x00006f41        0xf zephyr/soc/arm/common/cortex_m/libsoc__arm__common__cortex_m.a(arm_mpu_regions.c.obj)
 .rodata.str1.1
                0x00006f50        0x4 zephyr/soc/arm/nordic_nrf/nrf52/libsoc__arm__nordic_nrf__nrf52.a(soc.c.obj)
 .rodata.z_ztest_run_test_suite.str1.1
                0x00006f54       0xb4 zephyr/subsys/testsuite/ztest/libsubsys__testsuite__ztest.a(ztest.c.obj)
 .rodata.end_report.str1.1
                0x00007008       0x28 zephyr/subsys/testsuite/ztest/libsubsys__testsuite__ztest.a(ztest.c.obj)
 .rodata.gpio_nrfx_manage_callback.str1.1
                0x00007030       0x6e zephyr/drivers/gpio/libdrivers__gpio.a(gpio_nrfx.c.obj)
                                 0x8b (size before relaxing)
 .rodata.nrf_gpio_pin_port_decode.str1.1
                0x0000709e       0x56 zephyr/drivers/gpio/libdrivers__gpio.a(gpio_nrfx.c.obj)
                                 0x58 (size before relaxing)
 .rodata.gpiote_event_handler.str1.1
                0x000070f4        0xc zephyr/drivers/gpio/libdrivers__gpio.a(gpio_nrfx.c.obj)
 .rodata.str1.1
                0x00007100        0x7 zephyr/drivers/gpio/libdrivers__gpio.a(gpio_nrfx.c.obj)
 .rodata.nrf_gpio_pin_port_decode.str1.1
                0x00007100       0x75 zephyr/drivers/serial/libdrivers__serial.a(uart_nrfx_uart.c.obj)
 .rodata.str1.1
                0x00007100        0x7 zephyr/drivers/serial/libdrivers__serial.a(uart_nrfx_uart.c.obj)
 .rodata.CSWTCH.14
                0x00007100        0x4 modules/nordic/lib..__modules__hal__nordic.a(system_nrf52.c.obj)
 .rodata.CSWTCH.18
                0x00007104        0x4 modules/nordic/lib..__modules__hal__nordic.a(system_nrf52.c.obj)
 .rodata.CSWTCH.4
                0x00007108        0x4 modules/nordic/lib..__modules__hal__nordic.a(system_nrf52.c.obj)
 .rodata.nrf_clock_is_running.constprop.0.str1.1
                0x0000710c       0x34 modules/nordic/lib..__modules__hal__nordic.a(nrfx_clock.c.obj)
                                 0x53 (size before relaxing)
 .rodata.nrfx_clock_init.str1.1
                0x00007140       0x4b modules/nordic/lib..__modules__hal__nordic.a(nrfx_clock.c.obj)
 .rodata.nrfx_clock_enable.str1.1
                0x0000718b       0x1e modules/nordic/lib..__modules__hal__nordic.a(nrfx_clock.c.obj)
 .rodata.nrfx_wdt_init.str1.1
                0x000071a9       0x5a modules/nordic/lib..__modules__hal__nordic.a(nrfx_wdt.c.obj)
                                 0x77 (size before relaxing)
 .rodata.nrfx_wdt_enable.str1.1
                0x00007203       0x41 modules/nordic/lib..__modules__hal__nordic.a(nrfx_wdt.c.obj)
 .rodata.nrfx_wdt_channel_alloc.str1.1
                0x00007244        0xd modules/nordic/lib..__modules__hal__nordic.a(nrfx_wdt.c.obj)
 .rodata.nrfx_wdt_channel_feed.str1.1
                0x00007251       0x42 modules/nordic/lib..__modules__hal__nordic.a(nrfx_wdt.c.obj)
 .rodata.k_sys_fatal_error_handler.str1.1
                0x00007293       0x14 zephyr/kernel/libkernel.a(fatal.c.obj)
 .rodata.z_fatal_error.str1.1
                0x000072a7       0x86 zephyr/kernel/libkernel.a(fatal.c.obj)
 .rodata.str1.1
                0x0000732d       0x4a zephyr/kernel/libkernel.a(fatal.c.obj)
 .rodata.z_cstart.str1.1
                0x00007377        0xf zephyr/kernel/libkernel.a(init.c.obj)
 .rodata.str1.1
                0x00007386        0x3 zephyr/kernel/libkernel.a(init.c.obj)
 .rodata.pended_on.isra.0.str1.1
                0x00007389       0x39 zephyr/kernel/libkernel.a(sched.c.obj)
                                 0x56 (size before relaxing)
 .rodata.k_sched_time_slice_set.str1.1
                0x000073c2       0x78 zephyr/kernel/libkernel.a(sched.c.obj)
 .rodata.k_sched_lock.str1.1
                0x000073c2       0x69 zephyr/kernel/libkernel.a(sched.c.obj)
 .rodata.z_priq_dumb_add.str1.1
                0x0000742b       0x21 zephyr/kernel/libkernel.a(sched.c.obj)
 .rodata.k_sched_unlock.str1.1
                0x0000744c       0x30 zephyr/kernel/libkernel.a(sched.c.obj)
 .rodata.z_thread_single_abort.str1.1
                0x0000747c       0x49 zephyr/kernel/libkernel.a(sched.c.obj)
 .rodata.z_tick_sleep.str1.1
                0x000074c5       0x40 zephyr/kernel/libkernel.a(sched.c.obj)
 .rodata.z_impl_k_sem_give.str1.1
                0x00007505       0x69 zephyr/kernel/libkernel.a(sem.c.obj)
 .rodata.z_impl_k_sem_take.str1.1
                0x00007505       0x6d zephyr/kernel/libkernel.a(sem.c.obj)
                                 0x9c (size before relaxing)
 .rodata.z_setup_new_thread.str1.1
                0x00007572       0xd4 zephyr/kernel/libkernel.a(thread.c.obj)
                                 0xf1 (size before relaxing)
 .rodata.z_init_static_threads.str1.1
                0x00007646       0x4c zephyr/kernel/libkernel.a(thread.c.obj)
 .rodata.z_add_timeout.str1.1
                0x00007692       0x44 zephyr/kernel/libkernel.a(timeout.c.obj)
                                 0xdc (size before relaxing)
 .rodata.statics_init.str1.1
                0x000076d6       0x38 zephyr/kernel/libkernel.a(kheap.c.obj)
                                 0x74 (size before relaxing)
 *(SORT_BY_ALIGNMENT(.gnu.linkonce.r.*))
                0x00007710                . = ALIGN (0x4)
 *fill*         0x0000770e        0x2 
                0x00007710                _image_rodata_end = .
                0x00007720                . = ALIGN (_region_min_align)
                0x00008000                . = ALIGN ((0x1 << LOG2CEIL ((_image_rodata_end - _image_rom_start))))
                0x00008000                _image_rom_end = .
                0x20000000                . = 0x20000000
                0x20000000                . = ALIGN (_region_min_align)
                0x20000000                _image_ram_start = .

.ramfunc        0x20000000        0x0 load address 0x00007710
                0x20000000                . = ALIGN (_region_min_align)
                0x20000000                . = ALIGN ((0x1 << LOG2CEIL (_ramfunc_ram_size)))
                0x20000000                _ramfunc_ram_start = .
 *(SORT_BY_ALIGNMENT(.ramfunc))
 *(SORT_BY_ALIGNMENT(.ramfunc.*))
                0x20000000                . = ALIGN (_region_min_align)
                0x20000000                . = ALIGN ((0x1 << LOG2CEIL (_ramfunc_ram_size)))
                0x20000000                _ramfunc_ram_end = .
                0x00000000                _ramfunc_ram_size = (_ramfunc_ram_end - _ramfunc_ram_start)
                0x00007710                _ramfunc_rom_start = LOADADDR (.ramfunc)

datas           0x20000000       0x1e load address 0x00007710
                0x20000000                __data_ram_start = .
 *(SORT_BY_ALIGNMENT(.data))
 *(SORT_BY_ALIGNMENT(.data.*))
 .data._char_out
                0x20000000        0x4 zephyr/libzephyr.a(printk.c.obj)
                0x20000000                _char_out
 .data._stdout_hook
                0x20000004        0x4 zephyr/lib/libc/minimal/liblib__libc__minimal.a(stdout_console.c.obj)
 .data.uart_nrfx_uart0_data
                0x20000008        0x8 zephyr/drivers/serial/libdrivers__serial.a(uart_nrfx_uart.c.obj)
 .data.SystemCoreClock
                0x20000010        0x4 modules/nordic/lib..__modules__hal__nordic.a(system_nrf52.c.obj)
                0x20000010                SystemCoreClock
 .data.timeout_list
                0x20000014        0x8 zephyr/kernel/libkernel.a(timeout.c.obj)
 .data.button_flag
                0x2000001c        0x1 app/libapp.a(main.c.obj)
                0x2000001c                button_flag
 .data.thread_is_running.9009
                0x2000001d        0x1 app/libapp.a(main.c.obj)
 *(SORT_BY_ALIGNMENT(.kernel.*))
                0x00007710                __data_rom_start = LOADADDR (datas)

devices         0x20000020       0x54 load address 0x00007730
                0x20000020                __device_start = .
                0x20000020                __device_PRE_KERNEL_1_start = .
 *(SORT_BY_NAME(SORT_BY_ALIGNMENT(.device_PRE_KERNEL_1[0-9]*)))
 .device_PRE_KERNEL_150
                0x20000020       0x10 zephyr/libzephyr.a(clock_control_nrf.c.obj)
 .device_PRE_KERNEL_150
                0x20000030       0x10 zephyr/libzephyr.a(wdt_nrfx.c.obj)
 .device_PRE_KERNEL_150
                0x20000040       0x10 zephyr/drivers/serial/libdrivers__serial.a(uart_nrfx_uart.c.obj)
 *(SORT_BY_NAME(SORT_BY_ALIGNMENT(.device_PRE_KERNEL_1[1-9][0-9]*)))
                0x20000050                __device_PRE_KERNEL_2_start = .
 *(SORT_BY_NAME(SORT_BY_ALIGNMENT(.device_PRE_KERNEL_2[0-9]*)))
 .device_PRE_KERNEL_20
                0x20000050       0x10 zephyr/libzephyr.a(sys_clock_init.c.obj)
 *(SORT_BY_NAME(SORT_BY_ALIGNMENT(.device_PRE_KERNEL_2[1-9][0-9]*)))
                0x20000060                __device_POST_KERNEL_start = .
 *(SORT_BY_NAME(SORT_BY_ALIGNMENT(.device_POST_KERNEL[0-9]*)))
 .device_POST_KERNEL40
                0x20000060       0x10 zephyr/drivers/gpio/libdrivers__gpio.a(gpio_nrfx.c.obj)
 *(SORT_BY_NAME(SORT_BY_ALIGNMENT(.device_POST_KERNEL[1-9][0-9]*)))
                0x20000070                __device_APPLICATION_start = .
 *(SORT_BY_NAME(SORT_BY_ALIGNMENT(.device_APPLICATION[0-9]*)))
 *(SORT_BY_NAME(SORT_BY_ALIGNMENT(.device_APPLICATION[1-9][0-9]*)))
                0x20000070                __device_SMP_start = .
 *(SORT_BY_NAME(SORT_BY_ALIGNMENT(.device_SMP[0-9]*)))
 *(SORT_BY_NAME(SORT_BY_ALIGNMENT(.device_SMP[1-9][0-9]*)))
                0x20000070                __device_end = .
 FILL mask 0x00
                0x20000070                __device_init_status_start = .
                0x20000074                . = (. + (((((__device_end - __device_start) / 0x10) + 0x1f) / 0x20) * 0x4))
 *fill*         0x20000070        0x4 00
                0x20000074                __device_init_status_end = .

initshell       0x20000074        0x0 load address 0x00007784
                0x20000074                __shell_module_start = .
 *(SORT_BY_ALIGNMENT(.shell_module_*))
                0x20000074                __shell_module_end = .
                0x20000074                __shell_cmd_start = .
 *(SORT_BY_ALIGNMENT(.shell_cmd_*))
                0x20000074                __shell_cmd_end = .

log_dynamic_sections
                0x20000074        0x0 load address 0x00007784
                0x20000074                __log_dynamic_start = .
 *(SORT_BY_NAME(SORT_BY_ALIGNMENT(.log_dynamic_*)))
                0x20000074                __log_dynamic_end = .

_static_thread_data_area
                0x20000074       0xf0 load address 0x00007784
                0x20000074                __static_thread_data_list_start = .
 *(SORT_BY_NAME(SORT_BY_ALIGNMENT(.__static_thread_data.static.*)))
 .__static_thread_data.static._k_thread_data_blink0_id
                0x20000074       0x30 app/libapp.a(main.c.obj)
                0x20000074                _k_thread_data_blink0_id
 .__static_thread_data.static._k_thread_data_blink1_id
                0x200000a4       0x30 app/libapp.a(main.c.obj)
                0x200000a4                _k_thread_data_blink1_id
 .__static_thread_data.static._k_thread_data_button_read_id
                0x200000d4       0x30 app/libapp.a(main.c.obj)
                0x200000d4                _k_thread_data_button_read_id
 .__static_thread_data.static._k_thread_data_uart_out_id
                0x20000104       0x30 app/libapp.a(main.c.obj)
                0x20000104                _k_thread_data_uart_out_id
 .__static_thread_data.static._k_thread_data_watchdog_id
                0x20000134       0x30 app/libapp.a(main.c.obj)
                0x20000134                _k_thread_data_watchdog_id
                0x20000164                __static_thread_data_list_end = .

k_timer_area    0x20000164        0x0 load address 0x00007874
                0x20000164                _k_timer_list_start = .
 *(SORT_BY_NAME(SORT_BY_ALIGNMENT(._k_timer.static.*)))
                0x20000164                _k_timer_list_end = .

k_mem_slab_area
                0x20000164        0x0 load address 0x00007874
                0x20000164                _k_mem_slab_list_start = .
 *(SORT_BY_NAME(SORT_BY_ALIGNMENT(._k_mem_slab.static.*)))
                0x20000164                _k_mem_slab_list_end = .

k_mem_pool_area
                0x20000164        0x0 load address 0x00007874
                0x20000164                _k_mem_pool_list_start = .
 *(SORT_BY_NAME(SORT_BY_ALIGNMENT(._k_mem_pool.static.*)))
                0x20000164                _k_mem_pool_list_end = .

k_heap_area     0x20000164        0x0 load address 0x00007874
                0x20000164                _k_heap_list_start = .
 *(SORT_BY_NAME(SORT_BY_ALIGNMENT(._k_heap.static.*)))
                0x20000164                _k_heap_list_end = .

k_mutex_area    0x20000164        0x0 load address 0x00007874
                0x20000164                _k_mutex_list_start = .
 *(SORT_BY_NAME(SORT_BY_ALIGNMENT(._k_mutex.static.*)))
                0x20000164                _k_mutex_list_end = .

k_stack_area    0x20000164        0x0 load address 0x00007874
                0x20000164                _k_stack_list_start = .
 *(SORT_BY_NAME(SORT_BY_ALIGNMENT(._k_stack.static.*)))
                0x20000164                _k_stack_list_end = .

k_msgq_area     0x20000164        0x0 load address 0x00007874
                0x20000164                _k_msgq_list_start = .
 *(SORT_BY_NAME(SORT_BY_ALIGNMENT(._k_msgq.static.*)))
                0x20000164                _k_msgq_list_end = .

k_mbox_area     0x20000164        0x0 load address 0x00007874
                0x20000164                _k_mbox_list_start = .
 *(SORT_BY_NAME(SORT_BY_ALIGNMENT(._k_mbox.static.*)))
                0x20000164                _k_mbox_list_end = .

k_pipe_area     0x20000164        0x0 load address 0x00007874
                0x20000164                _k_pipe_list_start = .
 *(SORT_BY_NAME(SORT_BY_ALIGNMENT(._k_pipe.static.*)))
                0x20000164                _k_pipe_list_end = .

k_sem_area      0x20000164        0x0 load address 0x00007874
                0x20000164                _k_sem_list_start = .
 *(SORT_BY_NAME(SORT_BY_ALIGNMENT(._k_sem.static.*)))
                0x20000164                _k_sem_list_end = .

k_queue_area    0x20000164        0x0 load address 0x00007874
                0x20000164                _k_queue_list_start = .
 *(SORT_BY_NAME(SORT_BY_ALIGNMENT(._k_queue.static.*)))
                0x20000164                _k_queue_list_end = .

_net_buf_pool_area
                0x20000164        0x0 load address 0x00007874
                0x20000164                _net_buf_pool_list = .
 *(SORT_BY_NAME(SORT_BY_ALIGNMENT(._net_buf_pool.static.*)))
                0x20000164                __data_ram_end = .

bss             0x20000168      0xa5c
                0x20000168                . = ALIGN (0x4)
                0x20000168                __bss_start = .
                0x20000168                __kernel_ram_start = .
 *(SORT_BY_ALIGNMENT(.bss))
 *(SORT_BY_ALIGNMENT(.bss.*))
 .bss._k_thread_obj_blink0_id
                0x20000168       0xa0 app/libapp.a(main.c.obj)
                0x20000168                _k_thread_obj_blink0_id
 .bss._k_thread_obj_blink1_id
                0x20000208       0xa0 app/libapp.a(main.c.obj)
                0x20000208                _k_thread_obj_blink1_id
 .bss._k_thread_obj_button_read_id
                0x200002a8       0xa0 app/libapp.a(main.c.obj)
                0x200002a8                _k_thread_obj_button_read_id
 .bss._k_thread_obj_uart_out_id
                0x20000348       0xa0 app/libapp.a(main.c.obj)
                0x20000348                _k_thread_obj_uart_out_id
 .bss._k_thread_obj_watchdog_id
                0x200003e8       0xa0 app/libapp.a(main.c.obj)
                0x200003e8                _k_thread_obj_watchdog_id
 .bss.z_idle_threads
                0x20000488       0xa0 zephyr/kernel/libkernel.a(init.c.obj)
                0x20000488                z_idle_threads
 .bss.z_main_thread
                0x20000528       0xa0 zephyr/kernel/libkernel.a(init.c.obj)
                0x20000528                z_main_thread
 .bss.curr_tick
                0x200005c8        0x8 zephyr/kernel/libkernel.a(timeout.c.obj)
 .bss.button_cb_data
                0x200005d0        0xc app/libapp.a(main.c.obj)
 .bss.uart_console_dev
                0x200005dc        0x4 zephyr/libzephyr.a(uart_console.c.obj)
 .bss.cli.10006
                0x200005e0       0x10 zephyr/libzephyr.a(clock_control_nrf.c.obj)
 .bss.data      0x200005f0       0x58 zephyr/libzephyr.a(clock_control_nrf.c.obj)
 .bss.hfclk_users
                0x20000648        0x4 zephyr/libzephyr.a(clock_control_nrf.c.obj)
 .bss.on.10005  0x2000064c        0x4 zephyr/libzephyr.a(clock_control_nrf.c.obj)
 .bss.wdt_0_data
                0x20000650       0x28 zephyr/libzephyr.a(wdt_nrfx.c.obj)
 .bss.last_count
                0x20000678        0x4 zephyr/libzephyr.a(nrf_rtc_timer.c.obj)
 .bss.lock      0x2000067c        0x4 zephyr/libzephyr.a(nrf_rtc_timer.c.obj)
 .bss._SEGGER_RTT
                0x20000680       0xa8 zephyr/libzephyr.a(SEGGER_RTT.c.obj)
                0x20000680                _SEGGER_RTT
 .bss.test_status
                0x20000728        0x4 zephyr/subsys/testsuite/ztest/libsubsys__testsuite__ztest.a(ztest.c.obj)
 .bss.gpio_nrfx_p0_data
                0x2000072c       0x1c zephyr/drivers/gpio/libdrivers__gpio.a(gpio_nrfx.c.obj)
 .bss.gpiote_alloc_mask
                0x20000748        0x4 zephyr/drivers/gpio/libdrivers__gpio.a(gpio_nrfx.c.obj)
 .bss.poll_out_lock.9534
                0x2000074c        0x4 zephyr/drivers/serial/libdrivers__serial.a(uart_nrfx_uart.c.obj)
 .bss.m_clock_cb
                0x20000750        0x8 modules/nordic/lib..__modules__hal__nordic.a(nrfx_clock.c.obj)
 .bss.m_cb      0x20000758        0x8 modules/nordic/lib..__modules__hal__nordic.a(nrfx_wdt.c.obj)
 .bss._kernel   0x20000760       0x30 zephyr/kernel/libkernel.a(sched.c.obj)
                0x20000760                _kernel
 .bss.pending_current
                0x20000790        0x4 zephyr/kernel/libkernel.a(sched.c.obj)
 .bss.sched_spinlock
                0x20000794        0x4 zephyr/kernel/libkernel.a(sched.c.obj)
 .bss.slice_max_prio
                0x20000798        0x4 zephyr/kernel/libkernel.a(sched.c.obj)
 .bss.slice_time
                0x2000079c        0x4 zephyr/kernel/libkernel.a(sched.c.obj)
 .bss.lock      0x200007a0        0x4 zephyr/kernel/libkernel.a(sem.c.obj)
 .bss.announce_remaining
                0x200007a4        0x4 zephyr/kernel/libkernel.a(timeout.c.obj)
 .bss.timeout_lock
                0x200007a8        0x4 zephyr/kernel/libkernel.a(timeout.c.obj)
 .bss.handled_event.8972
                0x200007ac        0x1 app/libapp.a(main.c.obj)
 .bss.thread1_flag
                0x200007ad        0x1 app/libapp.a(main.c.obj)
                0x200007ad                thread1_flag
 .bss.thread2_flag
                0x200007ae        0x1 app/libapp.a(main.c.obj)
                0x200007ae                thread2_flag
 .bss.thread3_flag
                0x200007af        0x1 app/libapp.a(main.c.obj)
                0x200007af                thread3_flag
 .bss.once.9895
                0x200007b0        0x1 zephyr/libzephyr.a(clock_control_nrf.c.obj)
 .bss._acDownBuffer
                0x200007b1       0x10 zephyr/libzephyr.a(SEGGER_RTT.c.obj)
 .bss._acUpBuffer
                0x200007c1      0x400 zephyr/libzephyr.a(SEGGER_RTT.c.obj)
 .bss.static_regions_num
                0x20000bc1        0x1 zephyr/arch/arch/arm/core/aarch32/cortex_m/mpu/libarch__arm__core__aarch32__cortex_m__mpu.a(arm_mpu.c.obj)
 .bss.gpio_initialized.9538
                0x20000bc2        0x1 zephyr/drivers/gpio/libdrivers__gpio.a(gpio_nrfx.c.obj)
 .bss.z_sys_post_kernel
                0x20000bc3        0x1 zephyr/kernel/libkernel.a(init.c.obj)
                0x20000bc3                z_sys_post_kernel
 *(SORT_BY_ALIGNMENT(COMMON))
 *(SORT_BY_ALIGNMENT(.kernel_bss.*))
                0x20000bc4                __bss_end = ALIGN (0x4)

noinit          0x20000be0     0x2640
 *(SORT_BY_ALIGNMENT(.noinit))
 *(SORT_BY_ALIGNMENT(.noinit.*))
 .noinit."../src/main.c".0
                0x20000be0      0x420 app/libapp.a(main.c.obj)
                0x20000be0                _k_thread_stack_blink0_id
 .noinit."../src/main.c".1
                0x20001000      0x420 app/libapp.a(main.c.obj)
                0x20001000                _k_thread_stack_blink1_id
 .noinit."../src/main.c".2
                0x20001420      0x420 app/libapp.a(main.c.obj)
                0x20001420                _k_thread_stack_uart_out_id
 .noinit."../src/main.c".3
                0x20001840      0x420 app/libapp.a(main.c.obj)
                0x20001840                _k_thread_stack_button_read_id
 .noinit."../src/main.c".4
                0x20001c60      0x420 app/libapp.a(main.c.obj)
                0x20001c60                _k_thread_stack_watchdog_id
 .noinit."WEST_TOPDIR/zephyr/kernel/init.c".2
                0x20002080      0x820 zephyr/kernel/libkernel.a(init.c.obj)
                0x20002080                z_main_stack
 .noinit."WEST_TOPDIR/zephyr/kernel/init.c".3
                0x200028a0      0x160 zephyr/kernel/libkernel.a(init.c.obj)
 .noinit."WEST_TOPDIR/zephyr/kernel/init.c".4
                0x20002a00      0x820 zephyr/kernel/libkernel.a(init.c.obj)
                0x20002a00                z_interrupt_stacks
 *(SORT_BY_ALIGNMENT(.kernel_noinit.*))
                0x20003220                _image_ram_end = .
                0x20003220                _end = .
                0x20010000                __kernel_ram_end = 0x20010000
                0x0000fe98                __kernel_ram_size = (__kernel_ram_end - __kernel_ram_start)

.stab
 *(SORT_BY_ALIGNMENT(.stab))

.stabstr
 *(SORT_BY_ALIGNMENT(.stabstr))

.stab.excl
 *(SORT_BY_ALIGNMENT(.stab.excl))

.stab.exclstr
 *(SORT_BY_ALIGNMENT(.stab.exclstr))

.stab.index
 *(SORT_BY_ALIGNMENT(.stab.index))

.stab.indexstr
 *(SORT_BY_ALIGNMENT(.stab.indexstr))

.gnu.build.attributes
 *(SORT_BY_ALIGNMENT(.gnu.build.attributes) SORT_BY_ALIGNMENT(.gnu.build.attributes.*))

.comment        0x00000000       0x79
 *(SORT_BY_ALIGNMENT(.comment))
 .comment       0x00000000       0x79 zephyr/CMakeFiles/zephyr_final.dir/isr_tables.c.obj
                                 0x7a (size before relaxing)
 .comment       0x00000079       0x7a app/libapp.a(main.c.obj)
 .comment       0x00000079       0x7a zephyr/libzephyr.a(notify.c.obj)
 .comment       0x00000079       0x7a zephyr/libzephyr.a(printk.c.obj)
 .comment       0x00000079       0x7a zephyr/libzephyr.a(onoff.c.obj)
 .comment       0x00000079       0x7a zephyr/libzephyr.a(thread_entry.c.obj)
 .comment       0x00000079       0x7a zephyr/libzephyr.a(heap.c.obj)
 .comment       0x00000079       0x7a zephyr/libzephyr.a(assert.c.obj)
 .comment       0x00000079       0x7a zephyr/libzephyr.a(configs.c.obj)
 .comment       0x00000079       0x7a zephyr/libzephyr.a(power.c.obj)
 .comment       0x00000079       0x7a zephyr/libzephyr.a(uart_console.c.obj)
 .comment       0x00000079       0x7a zephyr/libzephyr.a(clock_control_nrf.c.obj)
 .comment       0x00000079       0x7a zephyr/libzephyr.a(wdt_nrfx.c.obj)
 .comment       0x00000079       0x7a zephyr/libzephyr.a(sys_clock_init.c.obj)
 .comment       0x00000079       0x7a zephyr/libzephyr.a(nrf_rtc_timer.c.obj)
 .comment       0x00000079       0x7a zephyr/libzephyr.a(SEGGER_RTT.c.obj)
 .comment       0x00000079       0x7a zephyr/libzephyr.a(SEGGER_RTT_zephyr.c.obj)
 .comment       0x00000079       0x7a zephyr/arch/arch/arm/core/aarch32/libarch__arm__core__aarch32.a(swap.c.obj)
 .comment       0x00000079       0x7a zephyr/arch/arch/arm/core/aarch32/libarch__arm__core__aarch32.a(irq_manage.c.obj)
 .comment       0x00000079       0x7a zephyr/arch/arch/arm/core/aarch32/libarch__arm__core__aarch32.a(thread.c.obj)
 .comment       0x00000079       0x7a zephyr/arch/arch/arm/core/aarch32/libarch__arm__core__aarch32.a(fatal.c.obj)
 .comment       0x00000079       0x7a zephyr/arch/arch/arm/core/aarch32/libarch__arm__core__aarch32.a(nmi.c.obj)
 .comment       0x00000079       0x7a zephyr/arch/arch/arm/core/aarch32/libarch__arm__core__aarch32.a(prep_c.c.obj)
 .comment       0x00000079       0x7a zephyr/arch/arch/arm/core/aarch32/cortex_m/libarch__arm__core__aarch32__cortex_m.a(fault.c.obj)
 .comment       0x00000079       0x7a zephyr/arch/arch/arm/core/aarch32/cortex_m/libarch__arm__core__aarch32__cortex_m.a(irq_init.c.obj)
 .comment       0x00000079       0x7a zephyr/arch/arch/arm/core/aarch32/cortex_m/libarch__arm__core__aarch32__cortex_m.a(thread_abort.c.obj)
 .comment       0x00000079       0x7a zephyr/arch/arch/arm/core/aarch32/cortex_m/mpu/libarch__arm__core__aarch32__cortex_m__mpu.a(arm_core_mpu.c.obj)
 .comment       0x00000079       0x7a zephyr/arch/arch/arm/core/aarch32/cortex_m/mpu/libarch__arm__core__aarch32__cortex_m__mpu.a(arm_mpu.c.obj)
 .comment       0x00000079       0x7a zephyr/lib/libc/minimal/liblib__libc__minimal.a(string.c.obj)
 .comment       0x00000079       0x7a zephyr/lib/libc/minimal/liblib__libc__minimal.a(stdout_console.c.obj)
 .comment       0x00000079       0x7a zephyr/soc/arm/common/cortex_m/libsoc__arm__common__cortex_m.a(arm_mpu_regions.c.obj)
 .comment       0x00000079       0x7a zephyr/soc/arm/nordic_nrf/nrf52/libsoc__arm__nordic_nrf__nrf52.a(soc.c.obj)
 .comment       0x00000079       0x7a zephyr/subsys/testsuite/ztest/libsubsys__testsuite__ztest.a(ztest.c.obj)
 .comment       0x00000079       0x7a zephyr/drivers/gpio/libdrivers__gpio.a(gpio_nrfx.c.obj)
 .comment       0x00000079       0x7a zephyr/drivers/serial/libdrivers__serial.a(uart_nrfx_uart.c.obj)
 .comment       0x00000079       0x7a modules/nordic/lib..__modules__hal__nordic.a(system_nrf52.c.obj)
 .comment       0x00000079       0x7a modules/nordic/lib..__modules__hal__nordic.a(nrfx_glue.c.obj)
 .comment       0x00000079       0x7a modules/nordic/lib..__modules__hal__nordic.a(nrfx_clock.c.obj)
 .comment       0x00000079       0x7a modules/nordic/lib..__modules__hal__nordic.a(nrfx_wdt.c.obj)
 .comment       0x00000079       0x7a zephyr/kernel/libkernel.a(device.c.obj)
 .comment       0x00000079       0x7a zephyr/kernel/libkernel.a(errno.c.obj)
 .comment       0x00000079       0x7a zephyr/kernel/libkernel.a(fatal.c.obj)
 .comment       0x00000079       0x7a zephyr/kernel/libkernel.a(idle.c.obj)
 .comment       0x00000079       0x7a zephyr/kernel/libkernel.a(init.c.obj)
 .comment       0x00000079       0x7a zephyr/kernel/libkernel.a(sched.c.obj)
 .comment       0x00000079       0x7a zephyr/kernel/libkernel.a(sem.c.obj)
 .comment       0x00000079       0x7a zephyr/kernel/libkernel.a(thread.c.obj)
 .comment       0x00000079       0x7a zephyr/kernel/libkernel.a(timeout.c.obj)
 .comment       0x00000079       0x7a zephyr/kernel/libkernel.a(kheap.c.obj)
 .comment       0x00000079       0x7a zephyr/CMakeFiles/offsets.dir/arch/arm/core/offsets/offsets.c.obj

.debug
 *(SORT_BY_ALIGNMENT(.debug))

.line
 *(SORT_BY_ALIGNMENT(.line))

.debug_srcinfo
 *(SORT_BY_ALIGNMENT(.debug_srcinfo))

.debug_sfnames
 *(SORT_BY_ALIGNMENT(.debug_sfnames))

.debug_aranges  0x00000000     0x1150
 *(SORT_BY_ALIGNMENT(.debug_aranges))
 .debug_aranges
                0x00000000       0x28 zephyr/arch/arch/arm/core/aarch32/libarch__arm__core__aarch32.a(swap_helper.S.obj)
 .debug_aranges
                0x00000028       0x30 zephyr/arch/arch/arm/core/aarch32/libarch__arm__core__aarch32.a(cpu_idle.S.obj)
 .debug_aranges
                0x00000058       0x20 zephyr/arch/arch/arm/core/aarch32/libarch__arm__core__aarch32.a(nmi_on_reset.S.obj)
 .debug_aranges
                0x00000078       0x20 zephyr/arch/arch/arm/core/aarch32/libarch__arm__core__aarch32.a(isr_wrapper.S.obj)
 .debug_aranges
                0x00000098       0x20 zephyr/arch/arch/arm/core/aarch32/cortex_m/libarch__arm__core__aarch32__cortex_m.a(reset.S.obj)
 .debug_aranges
                0x000000b8       0x20 zephyr/arch/arch/arm/core/aarch32/cortex_m/libarch__arm__core__aarch32__cortex_m.a(fault_s.S.obj)
 .debug_aranges
                0x000000d8       0x20 zephyr/arch/arch/arm/core/aarch32/cortex_m/libarch__arm__core__aarch32__cortex_m.a(exc_exit.S.obj)
 .debug_aranges
                0x000000f8       0x18 zephyr/CMakeFiles/zephyr_final.dir/isr_tables.c.obj
 .debug_aranges
                0x00000110       0x70 app/libapp.a(main.c.obj)
 .debug_aranges
                0x00000180       0x28 zephyr/libzephyr.a(notify.c.obj)
 .debug_aranges
                0x000001a8       0x78 zephyr/libzephyr.a(printk.c.obj)
 .debug_aranges
                0x00000220       0x90 zephyr/libzephyr.a(onoff.c.obj)
 .debug_aranges
                0x000002b0       0x20 zephyr/libzephyr.a(thread_entry.c.obj)
 .debug_aranges
                0x000002d0       0xa0 zephyr/libzephyr.a(heap.c.obj)
 .debug_aranges
                0x00000370       0x20 zephyr/libzephyr.a(assert.c.obj)
 .debug_aranges
                0x00000390       0x20 zephyr/libzephyr.a(configs.c.obj)
 .debug_aranges
                0x000003b0       0x40 zephyr/libzephyr.a(power.c.obj)
 .debug_aranges
                0x000003f0       0x28 zephyr/libzephyr.a(uart_console.c.obj)
 .debug_aranges
                0x00000418       0xc8 zephyr/libzephyr.a(clock_control_nrf.c.obj)
 .debug_aranges
                0x000004e0       0x48 zephyr/libzephyr.a(wdt_nrfx.c.obj)
 .debug_aranges
                0x00000528       0x40 zephyr/libzephyr.a(sys_clock_init.c.obj)
 .debug_aranges
                0x00000568       0x48 zephyr/libzephyr.a(nrf_rtc_timer.c.obj)
 .debug_aranges
                0x000005b0      0x120 zephyr/libzephyr.a(SEGGER_RTT.c.obj)
 .debug_aranges
                0x000006d0       0x20 zephyr/libzephyr.a(SEGGER_RTT_zephyr.c.obj)
 .debug_aranges
                0x000006f0       0x20 zephyr/arch/arch/arm/core/aarch32/libarch__arm__core__aarch32.a(swap.c.obj)
 .debug_aranges
                0x00000710       0x48 zephyr/arch/arch/arm/core/aarch32/libarch__arm__core__aarch32.a(irq_manage.c.obj)
 .debug_aranges
                0x00000758       0x30 zephyr/arch/arch/arm/core/aarch32/libarch__arm__core__aarch32.a(thread.c.obj)
 .debug_aranges
                0x00000788       0x30 zephyr/arch/arch/arm/core/aarch32/libarch__arm__core__aarch32.a(fatal.c.obj)
 .debug_aranges
                0x000007b8       0x20 zephyr/arch/arch/arm/core/aarch32/libarch__arm__core__aarch32.a(nmi.c.obj)
 .debug_aranges
                0x000007d8       0x20 zephyr/arch/arch/arm/core/aarch32/libarch__arm__core__aarch32.a(prep_c.c.obj)
 .debug_aranges
                0x000007f8       0x40 zephyr/arch/arch/arm/core/aarch32/cortex_m/libarch__arm__core__aarch32__cortex_m.a(fault.c.obj)
 .debug_aranges
                0x00000838       0x20 zephyr/arch/arch/arm/core/aarch32/cortex_m/libarch__arm__core__aarch32__cortex_m.a(irq_init.c.obj)
 .debug_aranges
                0x00000858       0x20 zephyr/arch/arch/arm/core/aarch32/cortex_m/libarch__arm__core__aarch32__cortex_m.a(thread_abort.c.obj)
 .debug_aranges
                0x00000878       0x28 zephyr/arch/arch/arm/core/aarch32/cortex_m/mpu/libarch__arm__core__aarch32__cortex_m__mpu.a(arm_core_mpu.c.obj)
 .debug_aranges
                0x000008a0       0x48 zephyr/arch/arch/arm/core/aarch32/cortex_m/mpu/libarch__arm__core__aarch32__cortex_m__mpu.a(arm_mpu.c.obj)
 .debug_aranges
                0x000008e8       0x98 zephyr/lib/libc/minimal/liblib__libc__minimal.a(string.c.obj)
 .debug_aranges
                0x00000980       0x58 zephyr/lib/libc/minimal/liblib__libc__minimal.a(stdout_console.c.obj)
 .debug_aranges
                0x000009d8       0x18 zephyr/soc/arm/common/cortex_m/libsoc__arm__common__cortex_m.a(arm_mpu_regions.c.obj)
 .debug_aranges
                0x000009f0       0x38 zephyr/soc/arm/nordic_nrf/nrf52/libsoc__arm__nordic_nrf__nrf52.a(soc.c.obj)
 .debug_aranges
                0x00000a28       0x70 zephyr/subsys/testsuite/ztest/libsubsys__testsuite__ztest.a(ztest.c.obj)
 .debug_aranges
                0x00000a98       0x78 zephyr/drivers/gpio/libdrivers__gpio.a(gpio_nrfx.c.obj)
 .debug_aranges
                0x00000b10       0x50 zephyr/drivers/serial/libdrivers__serial.a(uart_nrfx_uart.c.obj)
 .debug_aranges
                0x00000b60       0x38 modules/nordic/lib..__modules__hal__nordic.a(system_nrf52.c.obj)
 .debug_aranges
                0x00000b98       0x30 modules/nordic/lib..__modules__hal__nordic.a(nrfx_glue.c.obj)
 .debug_aranges
                0x00000bc8       0x70 modules/nordic/lib..__modules__hal__nordic.a(nrfx_clock.c.obj)
 .debug_aranges
                0x00000c38       0x48 modules/nordic/lib..__modules__hal__nordic.a(nrfx_wdt.c.obj)
 .debug_aranges
                0x00000c80       0x40 zephyr/kernel/libkernel.a(device.c.obj)
 .debug_aranges
                0x00000cc0       0x20 zephyr/kernel/libkernel.a(errno.c.obj)
 .debug_aranges
                0x00000ce0       0x50 zephyr/kernel/libkernel.a(fatal.c.obj)
 .debug_aranges
                0x00000d30       0x28 zephyr/kernel/libkernel.a(idle.c.obj)
 .debug_aranges
                0x00000d58       0x40 zephyr/kernel/libkernel.a(init.c.obj)
 .debug_aranges
                0x00000d98      0x1d8 zephyr/kernel/libkernel.a(sched.c.obj)
 .debug_aranges
                0x00000f70       0x30 zephyr/kernel/libkernel.a(sem.c.obj)
 .debug_aranges
                0x00000fa0       0xb8 zephyr/kernel/libkernel.a(thread.c.obj)
 .debug_aranges
                0x00001058       0x90 zephyr/kernel/libkernel.a(timeout.c.obj)
 .debug_aranges
                0x000010e8       0x48 zephyr/kernel/libkernel.a(kheap.c.obj)
 .debug_aranges
                0x00001130       0x20 zephyr/CMakeFiles/offsets.dir/arch/arm/core/offsets/offsets.c.obj

.debug_pubnames
 *(SORT_BY_ALIGNMENT(.debug_pubnames))

.debug_info     0x00000000    0x4518f
 *(SORT_BY_ALIGNMENT(.debug_info) SORT_BY_ALIGNMENT(.gnu.linkonce.wi.*))
 .debug_info    0x00000000      0x1df zephyr/CMakeFiles/zephyr_final.dir/isr_tables.c.obj
 .debug_info    0x000001df     0x2cb5 app/libapp.a(main.c.obj)
 .debug_info    0x00002e94      0xaab zephyr/libzephyr.a(notify.c.obj)
 .debug_info    0x0000393f     0x1301 zephyr/libzephyr.a(printk.c.obj)
 .debug_info    0x00004c40     0x3691 zephyr/libzephyr.a(onoff.c.obj)
 .debug_info    0x000082d1      0x974 zephyr/libzephyr.a(thread_entry.c.obj)
 .debug_info    0x00008c45     0x298d zephyr/libzephyr.a(heap.c.obj)
 .debug_info    0x0000b5d2      0x88d zephyr/libzephyr.a(assert.c.obj)
 .debug_info    0x0000be5f       0x38 zephyr/libzephyr.a(configs.c.obj)
 .debug_info    0x0000be97      0xc74 zephyr/libzephyr.a(power.c.obj)
 .debug_info    0x0000cb0b      0xce4 zephyr/libzephyr.a(uart_console.c.obj)
 .debug_info    0x0000d7ef     0x4ae2 zephyr/libzephyr.a(clock_control_nrf.c.obj)
 .debug_info    0x000122d1     0x13d6 zephyr/libzephyr.a(wdt_nrfx.c.obj)
 .debug_info    0x000136a7      0xaec zephyr/libzephyr.a(sys_clock_init.c.obj)
 .debug_info    0x00014193     0x21e8 zephyr/libzephyr.a(nrf_rtc_timer.c.obj)
 .debug_info    0x0001637b     0x1eb5 zephyr/libzephyr.a(SEGGER_RTT.c.obj)
 .debug_info    0x00018230      0xb01 zephyr/libzephyr.a(SEGGER_RTT_zephyr.c.obj)
 .debug_info    0x00018d31      0xacd zephyr/arch/arch/arm/core/aarch32/libarch__arm__core__aarch32.a(swap.c.obj)
 .debug_info    0x000197fe      0xf90 zephyr/arch/arch/arm/core/aarch32/libarch__arm__core__aarch32.a(irq_manage.c.obj)
 .debug_info    0x0001a78e      0xbc3 zephyr/arch/arch/arm/core/aarch32/libarch__arm__core__aarch32.a(thread.c.obj)
 .debug_info    0x0001b351      0xe35 zephyr/arch/arch/arm/core/aarch32/libarch__arm__core__aarch32.a(fatal.c.obj)
 .debug_info    0x0001c186      0x86e zephyr/arch/arch/arm/core/aarch32/libarch__arm__core__aarch32.a(nmi.c.obj)
 .debug_info    0x0001c9f4      0xd4c zephyr/arch/arch/arm/core/aarch32/libarch__arm__core__aarch32.a(prep_c.c.obj)
 .debug_info    0x0001d740       0x22 zephyr/arch/arch/arm/core/aarch32/libarch__arm__core__aarch32.a(swap_helper.S.obj)
 .debug_info    0x0001d762       0x22 zephyr/arch/arch/arm/core/aarch32/libarch__arm__core__aarch32.a(cpu_idle.S.obj)
 .debug_info    0x0001d784       0x26 zephyr/arch/arch/arm/core/aarch32/libarch__arm__core__aarch32.a(nmi_on_reset.S.obj)
 .debug_info    0x0001d7aa       0x26 zephyr/arch/arch/arm/core/aarch32/libarch__arm__core__aarch32.a(isr_wrapper.S.obj)
 .debug_info    0x0001d7d0       0x26 zephyr/arch/arch/arm/core/aarch32/cortex_m/libarch__arm__core__aarch32__cortex_m.a(reset.S.obj)
 .debug_info    0x0001d7f6       0x26 zephyr/arch/arch/arm/core/aarch32/cortex_m/libarch__arm__core__aarch32__cortex_m.a(fault_s.S.obj)
 .debug_info    0x0001d81c       0x26 zephyr/arch/arch/arm/core/aarch32/cortex_m/libarch__arm__core__aarch32__cortex_m.a(exc_exit.S.obj)
 .debug_info    0x0001d842     0x1e23 zephyr/arch/arch/arm/core/aarch32/cortex_m/libarch__arm__core__aarch32__cortex_m.a(fault.c.obj)
 .debug_info    0x0001f665      0x666 zephyr/arch/arch/arm/core/aarch32/cortex_m/libarch__arm__core__aarch32__cortex_m.a(irq_init.c.obj)
 .debug_info    0x0001fccb      0xc49 zephyr/arch/arch/arm/core/aarch32/cortex_m/libarch__arm__core__aarch32__cortex_m.a(thread_abort.c.obj)
 .debug_info    0x00020914      0xc8d zephyr/arch/arch/arm/core/aarch32/cortex_m/mpu/libarch__arm__core__aarch32__cortex_m__mpu.a(arm_core_mpu.c.obj)
 .debug_info    0x000215a1     0x170d zephyr/arch/arch/arm/core/aarch32/cortex_m/mpu/libarch__arm__core__aarch32__cortex_m__mpu.a(arm_mpu.c.obj)
 .debug_info    0x00022cae      0x7bb zephyr/lib/libc/minimal/liblib__libc__minimal.a(string.c.obj)
 .debug_info    0x00023469      0x691 zephyr/lib/libc/minimal/liblib__libc__minimal.a(stdout_console.c.obj)
 .debug_info    0x00023afa      0x1f0 zephyr/soc/arm/common/cortex_m/libsoc__arm__common__cortex_m.a(arm_mpu_regions.c.obj)
 .debug_info    0x00023cea     0x1493 zephyr/soc/arm/nordic_nrf/nrf52/libsoc__arm__nordic_nrf__nrf52.a(soc.c.obj)
 .debug_info    0x0002517d     0x17b1 zephyr/subsys/testsuite/ztest/libsubsys__testsuite__ztest.a(ztest.c.obj)
 .debug_info    0x0002692e     0x3214 zephyr/drivers/gpio/libdrivers__gpio.a(gpio_nrfx.c.obj)
 .debug_info    0x00029b42     0x24ea zephyr/drivers/serial/libdrivers__serial.a(uart_nrfx_uart.c.obj)
 .debug_info    0x0002c02c     0x1362 modules/nordic/lib..__modules__hal__nordic.a(system_nrf52.c.obj)
 .debug_info    0x0002d38e      0x9cc modules/nordic/lib..__modules__hal__nordic.a(nrfx_glue.c.obj)
 .debug_info    0x0002dd5a     0x1b19 modules/nordic/lib..__modules__hal__nordic.a(nrfx_clock.c.obj)
 .debug_info    0x0002f873     0x1231 modules/nordic/lib..__modules__hal__nordic.a(nrfx_wdt.c.obj)
 .debug_info    0x00030aa4      0xcb8 zephyr/kernel/libkernel.a(device.c.obj)
 .debug_info    0x0003175c      0x8ca zephyr/kernel/libkernel.a(errno.c.obj)
 .debug_info    0x00032026     0x1697 zephyr/kernel/libkernel.a(fatal.c.obj)
 .debug_info    0x000336bd      0xa87 zephyr/kernel/libkernel.a(idle.c.obj)
 .debug_info    0x00034144     0x1cea zephyr/kernel/libkernel.a(init.c.obj)
 .debug_info    0x00035e2e     0x80b6 zephyr/kernel/libkernel.a(sched.c.obj)
 .debug_info    0x0003dee4     0x116e zephyr/kernel/libkernel.a(sem.c.obj)
 .debug_info    0x0003f052     0x1ce5 zephyr/kernel/libkernel.a(thread.c.obj)
 .debug_info    0x00040d37     0x2793 zephyr/kernel/libkernel.a(timeout.c.obj)
 .debug_info    0x000434ca     0x1447 zephyr/kernel/libkernel.a(kheap.c.obj)
 .debug_info    0x00044911      0x87e zephyr/CMakeFiles/offsets.dir/arch/arm/core/offsets/offsets.c.obj

.debug_abbrev   0x00000000     0xb327
 *(SORT_BY_ALIGNMENT(.debug_abbrev))
 .debug_abbrev  0x00000000       0xf3 zephyr/CMakeFiles/zephyr_final.dir/isr_tables.c.obj
 .debug_abbrev  0x000000f3      0x601 app/libapp.a(main.c.obj)
 .debug_abbrev  0x000006f4      0x2b8 zephyr/libzephyr.a(notify.c.obj)
 .debug_abbrev  0x000009ac      0x4fd zephyr/libzephyr.a(printk.c.obj)
 .debug_abbrev  0x00000ea9      0x581 zephyr/libzephyr.a(onoff.c.obj)
 .debug_abbrev  0x0000142a      0x24e zephyr/libzephyr.a(thread_entry.c.obj)
 .debug_abbrev  0x00001678      0x48f zephyr/libzephyr.a(heap.c.obj)
 .debug_abbrev  0x00001b07      0x1c1 zephyr/libzephyr.a(assert.c.obj)
 .debug_abbrev  0x00001cc8       0x2e zephyr/libzephyr.a(configs.c.obj)
 .debug_abbrev  0x00001cf6      0x37b zephyr/libzephyr.a(power.c.obj)
 .debug_abbrev  0x00002071      0x36d zephyr/libzephyr.a(uart_console.c.obj)
 .debug_abbrev  0x000023de      0x819 zephyr/libzephyr.a(clock_control_nrf.c.obj)
 .debug_abbrev  0x00002bf7      0x408 zephyr/libzephyr.a(wdt_nrfx.c.obj)
 .debug_abbrev  0x00002fff      0x2a7 zephyr/libzephyr.a(sys_clock_init.c.obj)
 .debug_abbrev  0x000032a6      0x52e zephyr/libzephyr.a(nrf_rtc_timer.c.obj)
 .debug_abbrev  0x000037d4      0x3c0 zephyr/libzephyr.a(SEGGER_RTT.c.obj)
 .debug_abbrev  0x00003b94      0x212 zephyr/libzephyr.a(SEGGER_RTT_zephyr.c.obj)
 .debug_abbrev  0x00003da6      0x22b zephyr/arch/arch/arm/core/aarch32/libarch__arm__core__aarch32.a(swap.c.obj)
 .debug_abbrev  0x00003fd1      0x371 zephyr/arch/arch/arm/core/aarch32/libarch__arm__core__aarch32.a(irq_manage.c.obj)
 .debug_abbrev  0x00004342      0x2de zephyr/arch/arch/arm/core/aarch32/libarch__arm__core__aarch32.a(thread.c.obj)
 .debug_abbrev  0x00004620      0x373 zephyr/arch/arch/arm/core/aarch32/libarch__arm__core__aarch32.a(fatal.c.obj)
 .debug_abbrev  0x00004993      0x1c0 zephyr/arch/arch/arm/core/aarch32/libarch__arm__core__aarch32.a(nmi.c.obj)
 .debug_abbrev  0x00004b53      0x2c9 zephyr/arch/arch/arm/core/aarch32/libarch__arm__core__aarch32.a(prep_c.c.obj)
 .debug_abbrev  0x00004e1c       0x12 zephyr/arch/arch/arm/core/aarch32/libarch__arm__core__aarch32.a(swap_helper.S.obj)
 .debug_abbrev  0x00004e2e       0x12 zephyr/arch/arch/arm/core/aarch32/libarch__arm__core__aarch32.a(cpu_idle.S.obj)
 .debug_abbrev  0x00004e40       0x14 zephyr/arch/arch/arm/core/aarch32/libarch__arm__core__aarch32.a(nmi_on_reset.S.obj)
 .debug_abbrev  0x00004e54       0x14 zephyr/arch/arch/arm/core/aarch32/libarch__arm__core__aarch32.a(isr_wrapper.S.obj)
 .debug_abbrev  0x00004e68       0x14 zephyr/arch/arch/arm/core/aarch32/cortex_m/libarch__arm__core__aarch32__cortex_m.a(reset.S.obj)
 .debug_abbrev  0x00004e7c       0x14 zephyr/arch/arch/arm/core/aarch32/cortex_m/libarch__arm__core__aarch32__cortex_m.a(fault_s.S.obj)
 .debug_abbrev  0x00004e90       0x14 zephyr/arch/arch/arm/core/aarch32/cortex_m/libarch__arm__core__aarch32__cortex_m.a(exc_exit.S.obj)
 .debug_abbrev  0x00004ea4      0x4a2 zephyr/arch/arch/arm/core/aarch32/cortex_m/libarch__arm__core__aarch32__cortex_m.a(fault.c.obj)
 .debug_abbrev  0x00005346      0x1e4 zephyr/arch/arch/arm/core/aarch32/cortex_m/libarch__arm__core__aarch32__cortex_m.a(irq_init.c.obj)
 .debug_abbrev  0x0000552a      0x308 zephyr/arch/arch/arm/core/aarch32/cortex_m/libarch__arm__core__aarch32__cortex_m.a(thread_abort.c.obj)
 .debug_abbrev  0x00005832      0x26d zephyr/arch/arch/arm/core/aarch32/cortex_m/mpu/libarch__arm__core__aarch32__cortex_m__mpu.a(arm_core_mpu.c.obj)
 .debug_abbrev  0x00005a9f      0x4b4 zephyr/arch/arch/arm/core/aarch32/cortex_m/mpu/libarch__arm__core__aarch32__cortex_m__mpu.a(arm_mpu.c.obj)
 .debug_abbrev  0x00005f53      0x191 zephyr/lib/libc/minimal/liblib__libc__minimal.a(string.c.obj)
 .debug_abbrev  0x000060e4      0x25a zephyr/lib/libc/minimal/liblib__libc__minimal.a(stdout_console.c.obj)
 .debug_abbrev  0x0000633e       0xf1 zephyr/soc/arm/common/cortex_m/libsoc__arm__common__cortex_m.a(arm_mpu_regions.c.obj)
 .debug_abbrev  0x0000642f      0x43e zephyr/soc/arm/nordic_nrf/nrf52/libsoc__arm__nordic_nrf__nrf52.a(soc.c.obj)